Archive member included to satisfy reference by file (symbol)

/opt/devkitpro/libnds/lib/libfat.a(libfat.o)
                              Main.o (fatInitDefault)
/opt/devkitpro/libnds/lib/libfat.a(disc.o)
                              /opt/devkitpro/libnds/lib/libfat.a(libfat.o) (_FAT_disc_interfaces)
/opt/devkitpro/libnds/lib/libfat.a(fatfile.o)
                              /opt/devkitpro/libnds/lib/libfat.a(libfat.o) (_FAT_open_r)
/opt/devkitpro/libnds/lib/libfat.a(cache.o)
                              /opt/devkitpro/libnds/lib/libfat.a(fatfile.o) (_FAT_cache_readSectors)
/opt/devkitpro/libnds/lib/libfat.a(fatdir.o)
                              /opt/devkitpro/libnds/lib/libfat.a(libfat.o) (_FAT_stat_r)
/opt/devkitpro/libnds/lib/libfat.a(directory.o)
                              /opt/devkitpro/libnds/lib/libfat.a(fatfile.o) (_FAT_directory_entryGetCluster)
/opt/devkitpro/libnds/lib/libfat.a(partition.o)
                              /opt/devkitpro/libnds/lib/libfat.a(libfat.o) (_FAT_partition_destructor)
/opt/devkitpro/libnds/lib/libfat.a(lock.o)
                              /opt/devkitpro/libnds/lib/libfat.a(partition.o) (_FAT_lock_init)
/opt/devkitpro/libnds/lib/libfat.a(filetime.o)
                              /opt/devkitpro/libnds/lib/libfat.a(fatfile.o) (_FAT_filetime_getTimeFromRTC)
/opt/devkitpro/libnds/lib/libfat.a(file_allocation_table.o)
                              /opt/devkitpro/libnds/lib/libfat.a(fatfile.o) (_FAT_fat_nextCluster)
/opt/devkitpro/libnds/lib/libnds9.a(console.o)
                              Draw.o (consoleInit)
/opt/devkitpro/libnds/lib/libnds9.a(video.o)
                              Draw.o (vramRestorePrimaryBanks)
/opt/devkitpro/libnds/lib/libnds9.a(dynamicArray.o)
                              Fade.o (DynamicArrayGet)
/opt/devkitpro/libnds/lib/libnds9.a(gurumeditation.o)
                              Main.o (defaultExceptionHandler)
/opt/devkitpro/libnds/lib/libnds9.a(trig.o)
                              gl2d.o (tanLerp)
/opt/devkitpro/libnds/lib/libnds9.a(videoGL.o)
                              gl2d.o (glMaterialf)
/opt/devkitpro/libnds/lib/libnds9.a(sprite.o)
                              Draw.o (oamInit)
/opt/devkitpro/libnds/lib/libnds9.a(keys.o)
                              Input.o (scanKeys)
/opt/devkitpro/libnds/lib/libnds9.a(dldi.o)
                              /opt/devkitpro/libnds/lib/libfat.a(disc.o) (dldiGetInternal)
/opt/devkitpro/libnds/lib/libnds9.a(initSystem.o)
                              /opt/devkitpro/devkitARM/lib/gcc/arm-none-eabi/10.1.0/../../../../arm-none-eabi/lib/thumb/ds_arm9_crt0.o (initSystem)
/opt/devkitpro/libnds/lib/libnds9.a(timeSupport.o)
                              /opt/devkitpro/libnds/lib/libnds9.a(initSystem.o) (__libnds_gtod)
/opt/devkitpro/libnds/lib/libnds9.a(securearea.o)
                              /opt/devkitpro/devkitARM/lib/gcc/arm-none-eabi/10.1.0/../../../../arm-none-eabi/lib/thumb/ds_arm9_crt0.o (__secure_area__)
/opt/devkitpro/libnds/lib/libnds9.a(interrupts.o)
                              Sound.o (irqSet)
/opt/devkitpro/libnds/lib/libnds9.a(libnds_exit.arm.o)
                              /opt/devkitpro/devkitARM/lib/gcc/arm-none-eabi/10.1.0/../../../../arm-none-eabi/lib/thumb/ds_arm9_crt0.o (__libnds_exit)
/opt/devkitpro/libnds/lib/libnds9.a(fifosystem.o)
                              /opt/devkitpro/libnds/lib/libnds9.a(initSystem.o) (fifoSetValue32Handler)
/opt/devkitpro/libnds/lib/libnds9.a(exceptionHandler.o)
                              /opt/devkitpro/libnds/lib/libnds9.a(gurumeditation.o) (getCPSR)
/opt/devkitpro/libnds/lib/libnds9.a(dcache.o)
                              Draw.o (DC_FlushRange)
/opt/devkitpro/libnds/lib/libnds9.a(dldi_stub.o)
                              /opt/devkitpro/libnds/lib/libnds9.a(dldi.o) (_io_dldi_stub)
/opt/devkitpro/libnds/lib/libnds9.a(mpu_setup.o)
                              /opt/devkitpro/devkitARM/lib/gcc/arm-none-eabi/10.1.0/../../../../arm-none-eabi/lib/thumb/ds_arm9_crt0.o (__libnds_mpu_setup)
/opt/devkitpro/libnds/lib/libnds9.a(IntrWait.o)
                              Draw.o (swiWaitForVBlank)
/opt/devkitpro/libnds/lib/libnds9.a(cpu_clock.o)
                              /opt/devkitpro/libnds/lib/libnds9.a(initSystem.o) (setCpuClock)
/opt/devkitpro/libnds/lib/libnds9.a(interruptDispatcher.o)
                              /opt/devkitpro/libnds/lib/libnds9.a(interrupts.o) (IntrMain)
/opt/devkitpro/libnds/lib/libnds9.a(biosCalls.o)
                              Draw.o (swiCopy)
/opt/devkitpro/libnds/lib/libnds9.a(debugprint.o)
                              /opt/devkitpro/libnds/lib/libnds9.a(console.o) (nocashWrite)
/opt/devkitpro/libnds/lib/libnds9.a(swiSoftReset.o)
                              /opt/devkitpro/libnds/lib/libnds9.a(fifosystem.o) (swiSoftReset)
/opt/devkitpro/libnds/lib/libnds9.a(default_font.bin.o)
                              /opt/devkitpro/libnds/lib/libnds9.a(console.o) (default_font_bin)
/opt/devkitpro/libnds/lib/libnds9.a(background.o)
[...]
Memory Configuration

Name             Origin             Length             Attributes
ewram            0x0000000002000000 0x0000000000380000
dtcm             0x0000000002ff0000 0x0000000000004000
vectors          0x0000000001000000 0x0000000000000100
itcm             0x0000000001000100 0x0000000000007f00
*default*        0x0000000000000000 0xffffffffffffffff

Linker script and memory map

                0x0000000002380000                __ewram_end = (ORIGIN (ewram) + LENGTH (ewram))
                0x0000000002380000                __eheap_end = (ORIGIN (ewram) + LENGTH (ewram))
                0x0000000002ff4000                __dtcm_top = (ORIGIN (dtcm) + LENGTH (dtcm))
                0x0000000002ff3ff8                __irq_flags = (__dtcm_top - 0x8)
                0x0000000002ff3ffc                __irq_vector = (__dtcm_top - 0x4)
                0x0000000002ff3f00                __sp_svc = (__dtcm_top - 0x100)
                0x0000000002ff3e00                __sp_irq = (__sp_svc - 0x100)
                0x0000000002ff3d00                __sp_usr = (__sp_irq - 0x100)

.secure         0x0000000002000000      0x800
 *(.secure)
 .secure        0x0000000002000000      0x800 /opt/devkitpro/libnds/lib/libnds9.a(securearea.o)
                0x0000000002000000                __secure_area__

.crt0           0x0000000002000800      0x300
                0x0000000002000800                __text_start = .
 *(.crt0)
 .crt0          0x0000000002000800      0x300 /opt/devkitpro/devkitARM/lib/gcc/arm-none-eabi/10.1.0/../../../../arm-none-eabi/lib/thumb/ds_arm9_crt0.o
                0x0000000002000800                _start
                0x0000000002000b00                . = ALIGN (0x4)

.plt
 *(.plt)

.init           0x0000000002000b00        0xc
 *(SORT_NONE(.init))
 .init          0x0000000002000b00        0x4 /opt/devkitpro/devkitARM/lib/gcc/arm-none-eabi/10.1.0/thumb/crti.o
                0x0000000002000b00                _init
 .init          0x0000000002000b04        0x8 /opt/devkitpro/devkitARM/lib/gcc/arm-none-eabi/10.1.0/thumb/crtn.o

.text           0x0000000002000b40    0x6fbc0
 *(EXCLUDE_FILE(*.twl* *.vectors* *.itcm*) .text)
 .text          0x0000000002000b40      0x634 Fade.o
                0x0000000002000b40                InitFade()
                0x0000000002000b64                SetFadeMask()
                0x0000000002000b70                ClearFade()
                0x0000000002000b80                StartFadeOut(signed char)
                0x0000000002000ba8                StartFadeIn(signed char)
                0x0000000002000bdc                ProcFade()
                0x0000000002000ee0                PutFade()
                0x0000000002001164                GetFadeActive()
 .text          0x0000000002001174      0x868 Boss.o
                0x0000000002001174                ActBossChar_0()
                0x0000000002001178                InitBossChar(int)
                0x0000000002001198                PutBossChar(int, int)
                0x00000000020014b4                SetBossCharActNo(int)
                0x00000000020014c0                HitBossBullet()
                0x0000000002001734                ActBossChar()
                0x0000000002001770                HitBossMap()
 .text          0x00000000020019dc     0x1ce0 NpcAct100.o
                0x00000000020019dc                ActNpc100(NPCHAR*)
                0x0000000002001a2c                ActNpc101(NPCHAR*)
                0x0000000002001a7c                ActNpc102(NPCHAR*)
                0x0000000002001ad8                ActNpc103(NPCHAR*)
                0x0000000002001ba4                ActNpc104(NPCHAR*)
                0x0000000002001e90                ActNpc105(NPCHAR*)
                0x0000000002001ee4                ActNpc106(NPCHAR*)
                0x0000000002001f1c                ActNpc107(NPCHAR*)
                0x00000000020021cc                ActNpc108(NPCHAR*)
                0x0000000002002274                ActNpc109(NPCHAR*)
                0x0000000002002428                ActNpc110(NPCHAR*)
                0x00000000020026e0                ActNpc111(NPCHAR*)
                0x0000000002002854                ActNpc112(NPCHAR*)
                0x000000000200299c                ActNpc113(NPCHAR*)
                0x0000000002002b9c                ActNpc114(NPCHAR*)
                0x0000000002002d0c                ActNpc115(NPCHAR*)
                0x0000000002003028                ActNpc116(NPCHAR*)
                0x000000000200304c                ActNpc117(NPCHAR*)
                0x000000000200335c                ActNpc118(NPCHAR*)
                0x0000000002003698                ActNpc119(NPCHAR*)
 .text          0x00000000020036bc     0x288c Bullet.o
                0x00000000020036bc                InitBullet()
                0x00000000020036d4                CountArmsBullet(int)
                0x0000000002003714                CountBulletNum(int)
                0x0000000002003740                DeleteBullet(int)
                0x0000000002003780                ClearBullet()
                0x0000000002003798                PutBullet(int, int)
                0x0000000002003a78                SetBullet(int, int, int, int)
                0x0000000002003b20                ActBullet_Frontia1(BULLET*)
                0x0000000002003c08                ActBullet_Frontia2(BULLET*, int)
                0x0000000002003dd4                ActBullet_PoleStar(BULLET*, int)
                0x0000000002003f68                ActBullet_FireBall(BULLET*, int)
                0x00000000020041b0                ActBullet_MachineGun(BULLET*, int)
                0x0000000002004308                ActBullet_Missile(BULLET*, int)
                0x00000000020046d0                ActBullet_Bom(BULLET*, int)
                0x00000000020047b8                ActBullet_Bubblin1(BULLET*)
                0x00000000020048a4                ActBullet_Bubblin2(BULLET*)
                0x00000000020049f8                ActBullet_Bubblin3(BULLET*)
                0x0000000002004bb4                ActBullet_Spine(BULLET*)
                0x0000000002004cf8                ActBullet_Sword1(BULLET*)
                0x0000000002004e00                ActBullet_Sword2(BULLET*)
                0x0000000002004f08                ActBullet_Sword3(BULLET*)
                0x000000000200517c                ActBullet_Edge(BULLET*)
                0x0000000002005268                ActBullet_Drop(BULLET*)
                0x0000000002005298                ActBullet_SuperMissile(BULLET*, int)
                0x0000000002005658                ActBullet_SuperBom(BULLET*, int)
                0x0000000002005740                ActBullet_Nemesis(BULLET*, int)
                0x0000000002005980                ActBullet_Spur(BULLET*, int)
                0x0000000002005b60                ActBullet_SpurTail(BULLET*, int)
                0x0000000002005cd0                ActBullet_EnemyClear(BULLET*)
                0x0000000002005cf4                ActBullet_Star(BULLET*)
                0x0000000002005d08                ActBullet()
                0x0000000002005f0c                IsActiveSomeBullet()
 .text          0x0000000002005f48      0x1b0 File.o
                0x0000000002005f48                LoadFileToMemory(char const*, unsigned int*)
                0x0000000002005fac                File_ReadU8(FILE_e*)
                0x0000000002005fc8                File_ReadLE16(FILE_e*)
                0x0000000002005fe0                File_ReadLE32(FILE_e*)
                0x0000000002005ff8                File_ReadU8(__sFILE*)
                0x0000000002006014                File_ReadBE16(__sFILE*)
                0x0000000002006038                File_ReadBE32(__sFILE*)
                0x0000000002006064                File_ReadLE16(__sFILE*)
                0x000000000200607c                File_ReadLE32(__sFILE*)
                0x0000000002006094                File_WriteBE16(unsigned short, __sFILE*)
                0x00000000020060ac                File_WriteBE32(unsigned long, __sFILE*)
                0x00000000020060c8                File_WriteLE16(unsigned short, __sFILE*)
                0x00000000020060dc                File_WriteLE32(unsigned long, __sFILE*)
 .text          0x00000000020060f8     0x1e20 NpcAct160.o
                0x00000000020060f8                ActNpc160(NPCHAR*)
                0x0000000002006410                ActNpc161(NPCHAR*)
                0x00000000020064ec                ActNpc162(NPCHAR*)
                0x0000000002006788                ActNpc163(NPCHAR*)
                0x000000000200682c                ActNpc164(NPCHAR*)
                0x00000000020068d0                ActNpc165(NPCHAR*)
                0x0000000002006990                ActNpc166(NPCHAR*)
                0x0000000002006a04                ActNpc167(NPCHAR*)
                0x0000000002006b24                ActNpc168(NPCHAR*)
                0x0000000002006bf0                ActNpc169(NPCHAR*)
                0x0000000002007034                ActNpc170(NPCHAR*)
                0x000000000200721c                ActNpc171(NPCHAR*)
                0x0000000002007424                ActNpc172(NPCHAR*)
                0x00000000020074c0                ActNpc173(NPCHAR*)
                0x0000000002007818                ActNpc174(NPCHAR*)
                0x0000000002007938                ActNpc175(NPCHAR*)
                0x0000000002007a10                ActNpc176(NPCHAR*)
                0x0000000002007c30                ActNpc177(NPCHAR*)
                0x0000000002007db8                ActNpc178(NPCHAR*)
                0x0000000002007e70                ActNpc179(NPCHAR*)
 .text          0x0000000002007f18      0x624 MiniMap.o
                0x0000000002008114                WriteMiniMapLine(int)
                0x00000000020081f4                MiniMapLoop()
                0x0000000002008504                IsMapping()
                0x000000000200851c                StartMapping()
                0x0000000002008530                SetMapping(int)
 .text          0x000000000200853c      0x1a4 soundFifo.o
                0x000000000200853c                micBufferHandler(int, void*)
                0x0000000002008570                soundEnable
                0x0000000002008580                soundDisable
                0x0000000002008590                soundPlaySampleC
                0x00000000020085fc                soundPause
                0x0000000002008610                soundKill
                0x0000000002008624                soundResume
                0x0000000002008638                soundSetVolume
                0x000000000200864c                soundSetPan
                0x000000000200865c                soundSetFreq
                0x0000000002008670                soundSetWaveDuty
                0x0000000002008684                soundMicRecord
                0x00000000020086d0                soundMicOff
 .text          0x00000000020086e0     0x1a88 NpcAct200.o
                0x00000000020086e0                ActNpc200(NPCHAR*)
                0x0000000002008940                ActNpc201(NPCHAR*)
                0x0000000002008990                ActNpc202(NPCHAR*)
                0x0000000002008a34                ActNpc203(NPCHAR*)
                0x0000000002008c8c                ActNpc204(NPCHAR*)
                0x0000000002008d98                ActNpc205(NPCHAR*)
                0x0000000002008f14                ActNpc206(NPCHAR*)
                0x00000000020091cc                ActNpc207(NPCHAR*)
                0x0000000002009248                ActNpc208(NPCHAR*)
                0x000000000200950c                ActNpc209(NPCHAR*)
                0x0000000002009598                ActNpc210(NPCHAR*)
                0x0000000002009740                ActNpc211(NPCHAR*)
                0x000000000200976c                ActNpc212(NPCHAR*)
                0x0000000002009924                ActNpc213(NPCHAR*)
                0x0000000002009c14                ActNpc214(NPCHAR*)
                0x0000000002009ccc                ActNpc215(NPCHAR*)
                0x0000000002009e38                ActNpc216(NPCHAR*)
                0x0000000002009e5c                ActNpc217(NPCHAR*)
                0x000000000200a060                ActNpc218(NPCHAR*)
                0x000000000200a0d0                ActNpc219(NPCHAR*)
 .text          0x000000000200a168      0xc8c Organya.o
                0x000000000200a1b0                OrganyaNoteAlloc(unsigned short, int)
                0x000000000200a1f0                OrganyaReleaseNote()
                0x000000000200a214                MakeSoundObject8(signed char*, signed char, signed char)
                0x000000000200a308                ChangeOrganFrequency(unsigned char, unsigned char, long)
                0x000000000200a38c                ChangeOrganPan(unsigned char, unsigned char, signed char)
                0x000000000200a3d4                ChangeOrganVolume(int, long, signed char)
                0x000000000200a418                PlayOrganObject(unsigned char, int, signed char, long)
                0x000000000200a5f0                ReleaseOrganyaObject(signed char)
                0x000000000200a624                InitWaveData100()
                0x000000000200a680                MakeOrganyaWave(signed char, signed char, signed char)
                0x000000000200a6b8                ChangeDramFrequency(unsigned char, signed char)
                0x000000000200a6dc                ChangeDramPan(unsigned char, signed char)
                0x000000000200a6fc                ChangeDramVolume(long, signed char)
                0x000000000200a718                PlayDramObject(unsigned char, int, char)
                0x000000000200a748                SetPlayPointer(long)
                0x000000000200a784                OrganyaPlayData()
                0x000000000200a9b4                LoadOrganya(char const*)
                0x000000000200aca0                SetOrganyaPosition(unsigned int)
                0x000000000200acbc                GetOrganyaPosition()
                0x000000000200acc8                PlayOrganyaMusic()
                0x000000000200acf0                ChangeOrganyaVolume(int)
                0x000000000200ad04                StopOrganyaMusic()
                0x000000000200ada8                SetOrganyaFadeout()
                0x000000000200adb8                StartOrganya()
                0x000000000200adc0                EndOrganya()
 .text          0x000000000200adf4      0x570 Map.o
                0x000000000200aff0                InitMapData2()
                0x000000000200b008                LoadMapData2(char const*)
                0x000000000200b0c8                LoadAttributeData(char const*)
                0x000000000200b11c                EndMapData()
                0x000000000200b12c                ReleasePartsImage()
                0x000000000200b138                GetMapData(unsigned char**, short*, short*)
                0x000000000200b164                DeleteMapParts(int, int)
                0x000000000200b180                ShiftMapParts(int, int)
                0x000000000200b19c                ChangeMapParts(int, int, unsigned char)
                0x000000000200b1e8                PutMapDataVector(int, int)
 .text          0x000000000200b364     0x22e0 NpcAct140.o
                0x000000000200b364                ActNpc140(NPCHAR*)
                0x000000000200b954                ActNpc141(NPCHAR*)
                0x000000000200bb70                ActNpc142(NPCHAR*)
                0x000000000200bcb0                ActNpc143(NPCHAR*)
                0x000000000200bd00                ActNpc144(NPCHAR*)
                0x000000000200be74                ActNpc145(NPCHAR*)
                0x000000000200bf14                ActNpc146(NPCHAR*)
                0x000000000200bfb4                ActNpc147(NPCHAR*)
                0x000000000200c318                ActNpc148(NPCHAR*)
                0x000000000200c3ac                ActNpc149(NPCHAR*)
                0x000000000200c688                ActNpc150(NPCHAR*)
                0x000000000200c950                ActNpc151(NPCHAR*)
                0x000000000200c9f4                ActNpc152(NPCHAR*)
                0x000000000200ca34                ActNpc153(NPCHAR*)
                0x000000000200ccf8                ActNpc154(NPCHAR*)
                0x000000000200cdf4                ActNpc155(NPCHAR*)
                0x000000000200d02c                ActNpc156(NPCHAR*)
                0x000000000200d0c4                ActNpc157(NPCHAR*)
                0x000000000200d398                ActNpc158(NPCHAR*)
                0x000000000200d4c4                ActNpc159(NPCHAR*)
 .text          0x000000000200d644      0xf2c BossBallos.o
                0x000000000200d7e8                ActBossChar_Ballos()
 .text          0x000000000200e570      0xd5c Game.o
                0x000000000200e760                Random(int, int)
                0x000000000200e778                PutNumber4(int, int, int, bool)
                0x000000000200e890                ModeOpening()
                0x000000000200ea90                ModeTitle()
                0x000000000200eee8                ModeAction()
                0x000000000200f224                Game()
 .text          0x000000000200f2cc     0x141c Shoot.o
                0x000000000200f458                ShootBullet_Frontia1(int)
                0x000000000200f5a4                ShootBullet_PoleStar(int)
                0x000000000200f704                ShootBullet_FireBall(int)
                0x000000000200f874                ShootBullet_Machinegun1(int)
                0x000000000200fa74                ShootBullet_Missile(int, bool)
                0x000000000200fedc                ShootBullet_Bubblin1()
                0x000000000201005c                ShootBullet_Bubblin2(int)
                0x0000000002010074                ShootBullet_Sword(int)
                0x0000000002010148                ShootBullet_Nemesis(int)
                0x00000000020102bc                ResetSpurCharge()
                0x00000000020102ec                ShootBullet_Spur(int)
                0x0000000002010594                ShootBullet()
 .text          0x00000000020106e8     0x17e0 NpcAct180.o
                0x00000000020106e8                ActNpc180(NPCHAR*)
                0x0000000002010bf0                ActNpc181(NPCHAR*)
                0x0000000002010de0                ActNpc182(NPCHAR*)
                0x0000000002010fd0                ActNpc183(NPCHAR*)
                0x0000000002011078                ActNpc184(NPCHAR*)
                0x000000000201121c                ActNpc185(NPCHAR*)
                0x00000000020112d0                ActNpc186(NPCHAR*)
                0x000000000201138c                ActNpc187(NPCHAR*)
                0x00000000020114d8                ActNpc188(NPCHAR*)
                0x0000000002011650                ActNpc189(NPCHAR*)
                0x0000000002011744                ActNpc190(NPCHAR*)
                0x000000000201180c                ActNpc191(NPCHAR*)
                0x0000000002011910                ActNpc192(NPCHAR*)
                0x0000000002011b50                ActNpc193(NPCHAR*)
                0x0000000002011b8c                ActNpc194(NPCHAR*)
                0x0000000002011bc8                ActNpc195(NPCHAR*)
                0x0000000002011bec                ActNpc196(NPCHAR*)
                0x0000000002011c58                ActNpc197(NPCHAR*)
                0x0000000002011d54                ActNpc198(NPCHAR*)
                0x0000000002011e10                ActNpc199(NPCHAR*)
 .text          0x0000000002011ec8      0xaa0 Caret.o
                0x0000000002011ec8                ActCaret00(CARET*)
                0x0000000002011ecc                ActCaret02(CARET*)
                0x0000000002011fa8                ActCaret03(CARET*)
                0x0000000002011fec                ActCaret04(CARET*)
                0x0000000002012034                ActCaret05(CARET*)
                0x0000000002012084                ActCaret07(CARET*)
                0x0000000002012114                ActCaret08(CARET*)
                0x0000000002012160                ActCaret09(CARET*)
                0x00000000020121c8                ActCaret10(CARET*)
                0x000000000201227c                ActCaret12(CARET*)
                0x00000000020122c4                ActCaret14(CARET*)
                0x0000000002012304                ActCaret15(CARET*)
                0x0000000002012348                ActCaret16(CARET*)
                0x00000000020123a8                ActCaret17(CARET*)
                0x00000000020123f4                ActCaret01(CARET*)
                0x000000000201249c                ActCaret13(CARET*)
                0x000000000201258c                ActCaret11(CARET*)
                0x0000000002012610                InitCaret()
                0x0000000002012624                ActCaret()
                0x0000000002012654                PutCaret(int, int)
                0x00000000020128f8                SetCaret(int, int, int, int)
 .text          0x0000000002012968      0x214 Flash.o
                0x0000000002012968                InitFlash()
                0x0000000002012980                SetFlash(int, int, int)
                0x000000000201299c                ActFlash_Explosion(int, int)
                0x0000000002012ae0                ActFlash_Flash()
                0x0000000002012b24                ActFlash(int, int)
                0x0000000002012b4c                PutFlash()
                0x0000000002012b70                ResetFlash()
 .text          0x0000000002012b7c      0x368 BossLife.o
                0x0000000002012d6c                InitBossLife()
                0x0000000002012d78                StartBossLife(int)
                0x0000000002012dc0                StartBossLife2()
                0x0000000002012de0                PutBossLife()
 .text          0x0000000002012ee4       0x14 KeyControl.o
                0x0000000002012ee4                GetTrg()
 .text          0x0000000002012ef8     0x5530 lodepng.o
                0x0000000002015560                lode_png_test_bitreader(unsigned char const*, unsigned int, unsigned int, unsigned int const*, unsigned int*)
                0x000000000201574c                lodepng_inflate(unsigned char**, unsigned int*, unsigned char const*, unsigned int, LodePNGDecompressSettings const*)
                0x0000000002015778                lodepng_zlib_decompress(unsigned char**, unsigned int*, unsigned char const*, unsigned int, LodePNGDecompressSettings const*)
                0x00000000020157a4                lodepng_decompress_settings_init(LodePNGDecompressSettings*)
                0x00000000020157b4                lodepng_crc32(unsigned char const*, unsigned int)
                0x00000000020157e8                lodepng_chunk_length(unsigned char const*)
                0x0000000002015814                lodepng_chunk_type(char*, unsigned char const*)
                0x0000000002015828                lodepng_chunk_type_equals(unsigned char const*, char const*)
                0x000000000201586c                lodepng_chunk_ancillary(unsigned char const*)
                0x0000000002015874                lodepng_chunk_private(unsigned char const*)
                0x000000000201587c                lodepng_chunk_safetocopy(unsigned char const*)
                0x0000000002015884                lodepng_chunk_data(unsigned char*)
                0x0000000002015888                lodepng_chunk_data_const(unsigned char const*)
                0x000000000201588c                lodepng_chunk_check_crc(unsigned char const*)
                0x000000000201591c                lodepng_chunk_generate_crc(unsigned char*)
                0x000000000201599c                lodepng_chunk_next(unsigned char*, unsigned char*)
                0x00000000020159b4                lodepng_chunk_next_const(unsigned char const*, unsigned char const*)
                0x00000000020159cc                lodepng_chunk_find(unsigned char*, unsigned char*, char const*)
                0x0000000002015a28                lodepng_chunk_find_const(unsigned char const*, unsigned char const*, char const*)
                0x0000000002015a30                lodepng_chunk_append(unsigned char**, unsigned int*, unsigned char const*)
                0x0000000002015ab0                lodepng_chunk_create(unsigned char**, unsigned int*, unsigned int, char const*, unsigned char const*)
                0x0000000002015b50                lodepng_color_mode_init(LodePNGColorMode*)
                0x0000000002015b68                lodepng_color_mode_cleanup(LodePNGColorMode*)
                0x0000000002015b80                lodepng_color_mode_copy(LodePNGColorMode*, LodePNGColorMode const*)
                0x0000000002015bd4                lodepng_color_mode_make(LodePNGColorType, unsigned int)
                0x0000000002015be8                lodepng_palette_clear(LodePNGColorMode*)
                0x0000000002015c00                lodepng_palette_add(LodePNGColorMode*, unsigned char, unsigned char, unsigned char, unsigned char)
                0x0000000002015c6c                lodepng_get_bpp(LodePNGColorMode const*)
                0x0000000002015c94                lodepng_get_channels(LodePNGColorMode const*)
                0x0000000002015cbc                lodepng_is_greyscale_type(LodePNGColorMode const*)
                0x0000000002015cc8                lodepng_is_alpha_type(LodePNGColorMode const*)
                0x0000000002015cd0                lodepng_is_palette_type(LodePNGColorMode const*)
                0x0000000002015cdc                lodepng_has_palette_alpha(LodePNGColorMode const*)
                0x0000000002015d04                lodepng_can_have_alpha(LodePNGColorMode const*)
                0x0000000002015d34                lodepng_get_raw_size(unsigned int, unsigned int, LodePNGColorMode const*)
                0x0000000002015d7c                lodepng_add_text(LodePNGInfo*, char const*, char const*)
                0x0000000002015d9c                lodepng_clear_text(LodePNGInfo*)
                0x0000000002015da4                lodepng_clear_itext(LodePNGInfo*)
                0x0000000002015dac                lodepng_add_itext(LodePNGInfo*, char const*, char const*, char const*, char const*)
                0x0000000002015dd4                lodepng_set_icc(LodePNGInfo*, char const*, unsigned char const*, unsigned int)
                0x0000000002015e58                lodepng_clear_icc(LodePNGInfo*)
                0x0000000002015e7c                lodepng_info_init(LodePNGInfo*)
                0x0000000002015ee8                lodepng_info_cleanup(LodePNGInfo*)
                0x0000000002015f40                lodepng_info_copy(LodePNGInfo*, LodePNGInfo const*)
                0x000000000201610c                lodepng_convert(unsigned char*, unsigned char const*, LodePNGColorMode const*, LodePNGColorMode const*, unsigned int, unsigned int)
                0x0000000002016fd4                lodepng_convert_rgb(unsigned int*, unsigned int*, unsigned int*, unsigned int, unsigned int, unsigned int, LodePNGColorMode const*, LodePNGColorMode const*)
                0x00000000020170e8                lodepng_inspect(unsigned int*, unsigned int*, LodePNGState*, unsigned char const*, unsigned int)
                0x0000000002017334                lodepng_inspect_chunk(LodePNGState*, unsigned int, unsigned char const*, unsigned int)
                0x0000000002017568                lodepng_decode(unsigned char**, unsigned int*, unsigned int*, LodePNGState*, unsigned char const*, unsigned int)
                0x0000000002018248                lodepng_decode_memory(unsigned char**, unsigned int*, unsigned int*, unsigned char const*, unsigned int, LodePNGColorType, unsigned int)
                0x0000000002018300                lodepng_decode32(unsigned char**, unsigned int*, unsigned int*, unsigned char const*, unsigned int)
                0x0000000002018318                lodepng_decode24(unsigned char**, unsigned int*, unsigned int*, unsigned char const*, unsigned int)
                0x0000000002018330                lodepng_decoder_settings_init(LodePNGDecoderSettings*)
                0x000000000201834c                lodepng_state_init(LodePNGState*)
                0x0000000002018390                lodepng_state_cleanup(LodePNGState*)
                0x00000000020183b0                lodepng_state_copy(LodePNGState*, LodePNGState const*)
 .text          0x0000000002018428      0xac8 Debug.o
                0x00000000020188b8                PutConsole()
                0x0000000002018ed8                InitConsole()
 .text          0x0000000002018ef0     0x2014 NpcAct080.o
                0x0000000002018ef0                ActNpc080(NPCHAR*)
                0x0000000002019194                ActNpc081(NPCHAR*)
                0x000000000201937c                ActNpc082(NPCHAR*)
                0x00000000020196ac                ActNpc083(NPCHAR*)
                0x000000000201980c                ActNpc084(NPCHAR*)
                0x000000000201989c                ActNpc085(NPCHAR*)
                0x0000000002019968                ActNpc086(NPCHAR*)
                0x0000000002019ad4                ActNpc087(NPCHAR*)
                0x0000000002019c40                ActNpc088(NPCHAR*)
                0x000000000201a05c                ActNpc089(NPCHAR*)
                0x000000000201a320                ActNpc090(NPCHAR*)
                0x000000000201a344                ActNpc091(NPCHAR*)
                0x000000000201a380                ActNpc092(NPCHAR*)
                0x000000000201a458                ActNpc093(NPCHAR*)
                0x000000000201a5c4                ActNpc094(NPCHAR*)
                0x000000000201a7a4                ActNpc095(NPCHAR*)
                0x000000000201aa04                ActNpc096(NPCHAR*)
                0x000000000201ab3c                ActNpc097(NPCHAR*)
                0x000000000201ac6c                ActNpc098(NPCHAR*)
                0x000000000201adc0                ActNpc099(NPCHAR*)
 .text          0x000000000201af04      0xa04 gl2d.o
                0x000000000201af04                glScreen2D()
                0x000000000201b444                SetOrtho()
                0x000000000201b5c8                glBegin2D()
                0x000000000201b64c                glEnd2D()
                0x000000000201b668                glSpriteSizeParam(int, int, int, int, RECT*, int, int, int)
                0x000000000201b7b8                glBoxFilled(int, int, int, int, int)
                0x000000000201b844                glBoxFilledTransparent(int, int, int, int, int, unsigned long)
 .text          0x000000000201b908     0x2078 NpcAct300.o
                0x000000000201b908                ActNpc300(NPCHAR*)
                0x000000000201b97c                ActNpc301(NPCHAR*)
                0x000000000201ba78                ActNpc302(NPCHAR*)
                0x000000000201bb88                ActNpc303(NPCHAR*)
                0x000000000201bc30                ActNpc304(NPCHAR*)
                0x000000000201bcc0                ActNpc305(NPCHAR*)
                0x000000000201bd68                ActNpc306(NPCHAR*)
                0x000000000201be18                ActNpc307(NPCHAR*)
                0x000000000201beec                ActNpc308(NPCHAR*)
                0x000000000201c128                ActNpc309(NPCHAR*)
                0x000000000201c310                ActNpc310(NPCHAR*)
                0x000000000201c5c8                ActNpc311(NPCHAR*)
                0x000000000201c898                ActNpc312(NPCHAR*)
                0x000000000201ca5c                ActNpc313(NPCHAR*)
                0x000000000201d080                ActNpc314(NPCHAR*)
                0x000000000201d200                ActNpc315(NPCHAR*)
                0x000000000201d438                ActNpc316(NPCHAR*)
                0x000000000201d56c                ActNpc317(NPCHAR*)
                0x000000000201d72c                ActNpc318(NPCHAR*)
                0x000000000201d84c                ActNpc319(NPCHAR*)
 .text          0x000000000201d980     0x1048 Pause.o
                0x000000000201e1c8                GetKeyName(int)
                0x000000000201e598                EnterOptionsMenuIngame(OptionsMenu*)
                0x000000000201e8cc                Call_Pause()
 .text          0x000000000201e9c8     0x20ac TextScr.o
                0x000000000201ebb8                InitTextScript2()
                0x000000000201ec2c                EndTextScript()
                0x000000000201ec60                EncryptionBinaryData2(unsigned char*, long)
                0x000000000201ec8c                LoadTextScript2(char const*)
                0x000000000201ed3c                LoadTextScript_Stage(char const*)
                0x000000000201ee7c                GetTextScriptPath(char*)
                0x000000000201ee8c                GetTextScriptNo(int)
                0x000000000201eecc                StartTextScript(int)
                0x000000000201efb4                JumpTextScript(int)
                0x000000000201f0a0                StopTextScript()
                0x000000000201f0c4                CheckNewLine()
                0x000000000201f134                SetNumberTextScript(int)
                0x000000000201f234                ClearTextLine()
                0x000000000201f274                PutTextScript()
                0x000000000201f758                TextScriptProc()
                0x0000000002020a70                RestoreTextScript()
 .text          0x0000000002020a74      0x5d0 BossPress.o
                0x0000000002020a74                ActBossChar_Press()
 .text          0x0000000002021044      0x414 Escape.o
                0x0000000002021234                Call_Escape()
 .text          0x0000000002021458      0x714 Sound.o
                0x0000000002021458                getFreeChannel()
                0x000000000202147c                updateChannelStates()
                0x00000000020214e8                DoOrganya()
                0x000000000202151c                SOUNDBUFFER::SOUNDBUFFER(unsigned int, void const*)
                0x000000000202151c                SOUNDBUFFER::SOUNDBUFFER(unsigned int, void const*)
                0x0000000002021570                SOUNDBUFFER::~SOUNDBUFFER()
                0x0000000002021570                SOUNDBUFFER::~SOUNDBUFFER()
                0x00000000020215a8                SOUNDBUFFER::Release()
                0x0000000002021600                SOUNDBUFFER::Lock(signed char**, unsigned int*)
                0x0000000002021614                SOUNDBUFFER::Unlock()
                0x0000000002021618                SOUNDBUFFER::SetCurrentPosition(unsigned long)
                0x000000000202161c                SOUNDBUFFER::SetFrequency(unsigned long)
                0x0000000002021634                MillibelToVolume(long)
                0x000000000202167c                SOUNDBUFFER::SetVolume(long)
                0x00000000020216e8                SOUNDBUFFER::SetPan(long)
                0x0000000002021718                SOUNDBUFFER::Play(bool)
                0x00000000020217c8                SOUNDBUFFER::Stop()
                0x00000000020217f4                killAllSounds()
                0x0000000002021824                SOUNDBUFFER::Mix(long*, unsigned long)
                0x0000000002021828                InitDirectSound()
                0x0000000002021848                EndDirectSound()
                0x0000000002021850                PlaySoundObject(int, int)
                0x00000000020218d0                ChangeSoundFrequency(int, unsigned long)
                0x0000000002021900                ChangeSoundVolume(int, long)
                0x000000000202191c                ChangeSoundPan(int, long)
                0x0000000002021960                MakePixToneObject(PIXTONEPARAMETER const*, int, int)
                0x0000000002021ac4                ReadSound(int)
 .text          0x0000000002021b6c      0x104 Input.o
                0x0000000002021b6c                ReleaseDirectInput()
                0x0000000002021b70                InitDirectInput()
                0x0000000002021b74                UpdateInput()
 .text          0x0000000002021c70      0xa10 BossOhm.o
                0x0000000002021c70                ActBossChar_Omega()
 .text          0x0000000002022680     0x11ac BossAlmo2.o
                0x0000000002022854                ActBossChar_Undead()
 .text          0x000000000202382c      0x50c ValueView.o
                0x0000000002023a1c                ClearValueView()
                0x0000000002023a3c                SetValueView(int*, int*, int)
                0x0000000002023b04                ActValueView()
                0x0000000002023b4c                PutValueView(int, int)
 .text          0x0000000002023d38      0xe20 BossAlmo1.o
                0x0000000002024014                ActBossChar_Core()
 .text          0x0000000002024b58     0x1848 NpcAct120.o
                0x0000000002024b58                ActNpc120(NPCHAR*)
                0x0000000002024b94                ActNpc121(NPCHAR*)
                0x0000000002024c3c                ActNpc122(NPCHAR*)
                0x0000000002024f3c                ActNpc123(NPCHAR*)
                0x0000000002025064                ActNpc124(NPCHAR*)
                0x0000000002025178                ActNpc125(NPCHAR*)
                0x0000000002025210                ActNpc126(NPCHAR*)
                0x0000000002025468                ActNpc127(NPCHAR*)
                0x00000000020254e0                ActNpc128(NPCHAR*)
                0x00000000020255b0                ActNpc129(NPCHAR*)
                0x0000000002025604                ActNpc130(NPCHAR*)
                0x0000000002025774                ActNpc131(NPCHAR*)
                0x00000000020257e0                ActNpc132(NPCHAR*)
                0x0000000002025a14                ActNpc133(NPCHAR*)
                0x0000000002025ab8                ActNpc134(NPCHAR*)
                0x0000000002025c74                ActNpc135(NPCHAR*)
                0x0000000002025f08                ActNpc136(NPCHAR*)
                0x0000000002026000                ActNpc137(NPCHAR*)
                0x0000000002026024                ActNpc138(NPCHAR*)
                0x0000000002026128                ActNpc139(NPCHAR*)
 .text          0x00000000020263a0     0x16f4 MyChar.o
                0x000000000202661c                InitMyChar()
                0x000000000202665c                AnimationMyChar(bool)
                0x00000000020267f4                ShowMyChar(bool)
                0x000000000202680c                PutMyChar(int, int)
                0x0000000002026a54                ActMyChar_Normal(bool)
                0x0000000002027538                ActMyChar_Stream(bool)
                0x00000000020277e8                AirProcess()
                0x0000000002027818                ActMyChar(bool)
                0x00000000020278b0                GetMyCharPosition(int*, int*)
                0x00000000020278c0                SetMyCharPosition(int, int)
                0x00000000020278e8                MoveMyChar(int, int)
                0x00000000020278f4                ZeroMyCharXMove()
                0x0000000002027900                GetUnitMyChar()
                0x000000000202790c                SetMyCharDirect(unsigned char)
                0x0000000002027978                ChangeMyUnit(unsigned char)
                0x0000000002027984                PitMyChar()
                0x0000000002027998                EquipItem(int, bool)
                0x00000000020279b0                ResetCheck()
                0x00000000020279c0                SetNoise(int, int)
                0x0000000002027a08                CutNoise()
                0x0000000002027a30                ResetNoise()
                0x0000000002027a78                SleepNoise()
 .text          0x0000000002027a94      0x248 Triangle.o
                0x0000000002027a94                InitTriangleTable()
                0x0000000002027b28                GetSin(unsigned char)
                0x0000000002027b34                GetCos(unsigned char)
                0x0000000002027b44                GetArktan(int, int)
 .text          0x0000000002027cdc     0x1db8 NpcAct000.o
                0x0000000002027cdc                ActNpc000(NPCHAR*)
                0x0000000002027d20                ActNpc001(NPCHAR*)
                0x0000000002027fdc                ActNpc002(NPCHAR*)
                0x00000000020281c0                ActNpc003(NPCHAR*)
                0x00000000020281dc                ActNpc004(NPCHAR*)
                0x00000000020282fc                ActNpc005(NPCHAR*)
                0x000000000202851c                ActNpc006(NPCHAR*)
                0x0000000002028680                ActNpc007(NPCHAR*)
                0x00000000020287c0                ActNpc008(NPCHAR*)
                0x0000000002028968                ActNpc009(NPCHAR*)
                0x0000000002028af8                ActNpc010(NPCHAR*)
                0x0000000002028d48                ActNpc011(NPCHAR*)
                0x0000000002028dec                ActNpc012(NPCHAR*)
                0x0000000002029348                ActNpc013(NPCHAR*)
                0x000000000202938c                ActNpc014(NPCHAR*)
                0x000000000202948c                ActNpc015(NPCHAR*)
                0x00000000020295c4                ActNpc016(NPCHAR*)
                0x00000000020296e4                ActNpc017(NPCHAR*)
                0x000000000202983c                ActNpc018(NPCHAR*)
                0x00000000020298d8                ActNpc019(NPCHAR*)
 .text          0x0000000002029a94      0x990 BulHit.o
                0x0000000002029a94                Vanish(BULLET*)
                0x0000000002029ac8                JudgeHitBulletBlock(int, int, BULLET*)
                0x0000000002029bd4                JudgeHitBulletBlock2(int, int, unsigned char*, BULLET*)
                0x0000000002029e50                JudgeHitBulletTriangleA(int, int, BULLET*)
                0x0000000002029ed0                JudgeHitBulletTriangleB(int, int, BULLET*)
                0x0000000002029f44                JudgeHitBulletTriangleC(int, int, BULLET*)
                0x0000000002029fb8                JudgeHitBulletTriangleD(int, int, BULLET*)
                0x000000000202a038                JudgeHitBulletTriangleE(int, int, BULLET*)
                0x000000000202a0c0                JudgeHitBulletTriangleF(int, int, BULLET*)
                0x000000000202a130                JudgeHitBulletTriangleG(int, int, BULLET*)
                0x000000000202a1a0                JudgeHitBulletTriangleH(int, int, BULLET*)
                0x000000000202a220                HitBulletMap()
 .text          0x000000000202a424       0x94 Main.o
                0x000000000202a424                PutFramePerSecound()
                0x000000000202a444                GetFramePerSecound()
                0x000000000202a448                fifoDataHandler(int, void*)
                0x000000000202a46c                InactiveWindow()
                0x000000000202a48c                ActiveWindow()
                0x000000000202a4b0                SystemTask()
                0x000000000202a4b4                JoystickProc()
 .text          0x000000000202a4b8     0x1610 NpcAct220.o
                0x000000000202a4b8                ActNpc220(NPCHAR*)
                0x000000000202a558                ActNpc221(NPCHAR*)
                0x000000000202a6cc                ActNpc222(NPCHAR*)
                0x000000000202a708                ActNpc223(NPCHAR*)
                0x000000000202a814                ActNpc224(NPCHAR*)
                0x000000000202a8f4                ActNpc225(NPCHAR*)
                0x000000000202a998                ActNpc226(NPCHAR*)
                0x000000000202aa94                ActNpc227(NPCHAR*)
                0x000000000202aab8                ActNpc228(NPCHAR*)
                0x000000000202ac48                ActNpc229(NPCHAR*)
                0x000000000202ac9c                ActNpc230(NPCHAR*)
                0x000000000202acf8                ActNpc231(NPCHAR*)
                0x000000000202afcc                ActNpc232(NPCHAR*)
                0x000000000202b114                ActNpc233(NPCHAR*)
                0x000000000202b370                ActNpc234(NPCHAR*)
                0x000000000202b3c4                ActNpc235(NPCHAR*)
                0x000000000202b554                ActNpc236(NPCHAR*)
                0x000000000202b780                ActNpc237(NPCHAR*)
                0x000000000202b818                ActNpc238(NPCHAR*)
                0x000000000202ba44                ActNpc239(NPCHAR*)
 .text          0x000000000202bac8     0x1a50 NpcAct240.o
                0x000000000202bac8                ActNpc240(NPCHAR*)
                0x000000000202bc38                ActNpc241(NPCHAR*)
                0x000000000202be58                ActNpc242(NPCHAR*)
                0x000000000202bf70                ActNpc243(NPCHAR*)
                0x000000000202bfd4                ActNpc244(NPCHAR*)
                0x000000000202c09c                ActNpc245(NPCHAR*)
                0x000000000202c160                ActNpc246(NPCHAR*)
                0x000000000202c324                ActNpc247(NPCHAR*)
                0x000000000202c9dc                ActNpc248(NPCHAR*)
                0x000000000202ca84                ActNpc249(NPCHAR*)
                0x000000000202caec                ActNpc250(NPCHAR*)
                0x000000000202cc50                ActNpc251(NPCHAR*)
                0x000000000202ccc4                ActNpc252(NPCHAR*)
                0x000000000202cea4                ActNpc253(NPCHAR*)
                0x000000000202cf30                ActNpc254(NPCHAR*)
                0x000000000202d0b0                ActNpc255(NPCHAR*)
                0x000000000202d1a0                ActNpc256(NPCHAR*)
                0x000000000202d2f0                ActNpc257(NPCHAR*)
                0x000000000202d3f0                ActNpc258(NPCHAR*)
                0x000000000202d414                ActNpc259(NPCHAR*)
 .text          0x000000000202d518      0x118 Flags.o
                0x000000000202d518                InitFlags()
                0x000000000202d52c                InitSkipFlags()
                0x000000000202d540                SetNPCFlag(long)
                0x000000000202d568                CutNPCFlag(long)
                0x000000000202d590                GetNPCFlag(long)
                0x000000000202d5b8                SetSkipFlag(long)
                0x000000000202d5e0                CutSkipFlag(long)
                0x000000000202d608                GetSkipFlag(long)
 .text          0x000000000202d630      0x288 Generic.o
                0x000000000202d630                GetCompileDate(int*, int*, int*)
                0x000000000202d690                GetCompileVersion(int*, int*, int*, int*)
                0x000000000202d6a4                DeleteDebugLog()
                0x000000000202d6d0                PrintDebugLog(char const*, int, int, int)
                0x000000000202d734                CheckFileExists(char const*)
                0x000000000202d774                GetFileSizeLong(char const*)
                0x000000000202d7a4                PrintBitmapError(char const*, int)
                0x000000000202d840                IsShiftJIS(unsigned char)
                0x000000000202d864                IsEnableBitmap(char const*)
 .text          0x000000000202d8b8      0x5dc Back.o
                0x000000000202daa8                InitBack(char const*, int)
                0x000000000202daf0                ActBack()
                0x000000000202db24                PutBack(int, int)
                0x000000000202ddcc                PutFront(int, int)
 .text          0x000000000202de94     0x133c NpcAct320.o
                0x000000000202de94                ActNpc320(NPCHAR*)
                0x000000000202dfd4                ActNpc321(NPCHAR*)
                0x000000000202e120                ActNpc322(NPCHAR*)
                0x000000000202e3b0                ActNpc323(NPCHAR*)
                0x000000000202e52c                ActNpc324(NPCHAR*)
                0x000000000202e588                ActNpc325(NPCHAR*)
                0x000000000202e654                ActNpc326(NPCHAR*)
                0x000000000202e864                ActNpc327(NPCHAR*)
                0x000000000202e918                ActNpc328(NPCHAR*)
                0x000000000202e93c                ActNpc329(NPCHAR*)
                0x000000000202e980                ActNpc330(NPCHAR*)
                0x000000000202ead4                ActNpc331(NPCHAR*)
                0x000000000202eb8c                ActNpc332(NPCHAR*)
                0x000000000202ec8c                ActNpc333(NPCHAR*)
                0x000000000202ed2c                ActNpc334(NPCHAR*)
                0x000000000202ee2c                ActNpc335(NPCHAR*)
                0x000000000202ef1c                ActNpc336(NPCHAR*)
                0x000000000202ef78                ActNpc337(NPCHAR*)
                0x000000000202f018                ActNpc338(NPCHAR*)
                0x000000000202f16c                ActNpc339(NPCHAR*)
 .text          0x000000000202f1d0       0x30 Random.o
                0x000000000202f1d0                msvc_rand()
                0x000000000202f1f4                msvc_srand(unsigned int)
 .text          0x000000000202f200      0x618 Profile.o
                0x000000000202f200                IsProfile()
                0x000000000202f248                SaveProfile(char const*)
                0x000000000202f49c                LoadProfile(char const*)
                0x000000000202f798                InitializeGame()
 .text          0x000000000202f818      0x1ac Config.o
                0x000000000202f818                LoadConfigData(CONFIG*)
                0x000000000202f8e4                SaveConfigData(CONFIG const*)
                0x000000000202f978                DefaultConfigData(CONFIG*)
 .text          0x000000000202f9c4      0xc6c ArmsItem.o
                0x000000000202fbb4                ClearArmsData()
                0x000000000202fbdc                ClearItemData()
                0x000000000202fbf0                AddArmsData(long, long)
                0x000000000202fc74                SubArmsData(long)
                0x000000000202fcc8                TradeArms(long, long, long)
                0x000000000202fd0c                AddItemData(long)
                0x000000000202fd3c                SubItemData(long)
                0x000000000202fd84                MoveCampCursor()
                0x000000000202fff0                PutCampObject()
                0x0000000002030334                CampLoop()
                0x0000000002030454                CheckItem(long)
                0x0000000002030474                CheckArms(long)
                0x0000000002030494                UseArmsEnergy(long)
                0x00000000020304cc                ChargeArmsEnergy(long)
                0x00000000020304f8                FullArmsEnergy()
                0x0000000002030514                RotationArms()
                0x0000000002030594                RotationArmsRev()
                0x0000000002030610                ChangeToFirstArms()
 .text          0x0000000002030630      0x274 Stage.o
                0x0000000002030630                TransferStage(int, int, int, int)
                0x000000000203082c                ChangeMusic(MusicID)
                0x0000000002030870                ReCallMusic()
 .text          0x00000000020308a4     0x1eec NpcAct060.o
                0x00000000020308a4                ActNpc060(NPCHAR*)
                0x0000000002030bcc                ActNpc061(NPCHAR*)
                0x0000000002030f8c                ActNpc062(NPCHAR*)
                0x0000000002031064                ActNpc063(NPCHAR*)
                0x0000000002031294                ActNpc064(NPCHAR*)
                0x00000000020314cc                ActNpc065(NPCHAR*)
                0x00000000020315dc                ActNpc066(NPCHAR*)
                0x0000000002031744                ActNpc067(NPCHAR*)
                0x0000000002031ab8                ActNpc068(NPCHAR*)
                0x0000000002031ebc                ActNpc069(NPCHAR*)
                0x0000000002032080                ActNpc070(NPCHAR*)
                0x00000000020320c4                ActNpc071(NPCHAR*)
                0x00000000020321a4                ActNpc072(NPCHAR*)
                0x00000000020322b4                ActNpc073(NPCHAR*)
                0x0000000002032368                ActNpc074(NPCHAR*)
                0x00000000020324dc                ActNpc075(NPCHAR*)
                0x0000000002032564                ActNpc076(NPCHAR*)
                0x0000000002032578                ActNpc077(NPCHAR*)
                0x000000000203260c                ActNpc078(NPCHAR*)
                0x0000000002032648                ActNpc079(NPCHAR*)
 .text          0x0000000002032790     0x214c NpcAct040.o
                0x0000000002032790                ActNpc040(NPCHAR*)
                0x00000000020328d0                ActNpc041(NPCHAR*)
                0x0000000002032910                ActNpc042(NPCHAR*)
                0x0000000002032db8                ActNpc043(NPCHAR*)
                0x0000000002032e18                ActNpc044(NPCHAR*)
                0x00000000020330c0                ActNpc045(NPCHAR*)
                0x0000000002033214                ActNpc046(NPCHAR*)
                0x0000000002033294                ActNpc047(NPCHAR*)
                0x0000000002033400                ActNpc048(NPCHAR*)
                0x0000000002033534                ActNpc049(NPCHAR*)
                0x00000000020337fc                ActNpc050(NPCHAR*)
                0x0000000002033958                ActNpc051(NPCHAR*)
                0x0000000002033bd8                ActNpc052(NPCHAR*)
                0x0000000002033bfc                ActNpc053(NPCHAR*)
                0x0000000002033d54                ActNpc054(NPCHAR*)
                0x0000000002033f28                ActNpc055(NPCHAR*)
                0x0000000002034000                ActNpc056(NPCHAR*)
                0x00000000020341ec                ActNpc057(NPCHAR*)
                0x000000000203450c                ActNpc058(NPCHAR*)
                0x00000000020347d0                ActNpc059(NPCHAR*)
 .text          0x00000000020348dc       0x88 fopen.o
                0x00000000020348dc                fopen_embed(char const*, char const*)
                0x0000000002034934                fclose_embed(FILE_e*)
                0x000000000203493c                fread_embed(void*, unsigned int, unsigned int, FILE_e*)
 .text          0x0000000002034964      0x498 Star.o
                0x0000000002034964                InitStar()
                0x00000000020349b0                ActStar()
                0x0000000002034af4                PutStar(int, int)
 .text          0x0000000002034dfc      0x42c GenericLoad.o
                0x0000000002034dfc                LoadGenericData()
 .text          0x0000000002035228      0xb40 BossFrog.o
                0x0000000002035228                ActBossChar_Frog()
 .text          0x0000000002035d68      0x7c0 NpcHit.o
                0x0000000002035d68                JadgeHitNpCharBlock(NPCHAR*, int, int)
                0x0000000002035e80                JudgeHitNpCharTriangleA(NPCHAR*, int, int)
                0x0000000002035efc                JudgeHitNpCharTriangleB(NPCHAR*, int, int)
                0x0000000002035f74                JudgeHitNpCharTriangleC(NPCHAR*, int, int)
                0x0000000002035fec                JudgeHitNpCharTriangleD(NPCHAR*, int, int)
                0x0000000002036068                JudgeHitNpCharTriangleE(NPCHAR*, int, int)
                0x00000000020360f0                JudgeHitNpCharTriangleF(NPCHAR*, int, int)
                0x000000000203616c                JudgeHitNpCharTriangleG(NPCHAR*, int, int)
                0x00000000020361e8                JudgeHitNpCharTriangleH(NPCHAR*, int, int)
                0x0000000002036270                JudgeHitNpCharWater(NPCHAR*, int, int)
                0x00000000020362cc                LoseNpChar(NPCHAR*, bool)
 .text          0x0000000002036528     0x151c Draw.o
                0x0000000002036718                vramBlock_examineSpecial(s_vramBlock*, unsigned char*, unsigned long, unsigned char)
                0x0000000002036958                vramBlock__allocateBlock(s_vramBlock*, s_SingleBlock*, unsigned char*, unsigned long)
                0x0000000002036ad0                vramBlock_allocateSpecial(s_vramBlock*, unsigned char*, unsigned long)
                0x0000000002036b3c                vramGetBank(unsigned short*)
                0x0000000002036bf4                AssignColorPalette(SURFACE*, unsigned short, unsigned short const*)
                0x0000000002036da8                CopyDataToTexture(int, int, int, int, int, RECT*)
                0x0000000002036f9c                initSubSprites()
                0x0000000002037020                StartDirectDraw()
                0x0000000002037150                EndDirectDraw()
                0x0000000002037154                ReleaseSurface(SurfaceID)
                0x000000000203716c                MakeSurface_Generic(int, int, SurfaceID)
                0x0000000002037190                LoadBitmap(FILE_e*, SurfaceID, bool)
                0x000000000203754c                LoadBitmap_File(char const*, SurfaceID, bool)
                0x0000000002037638                LoadBitmap_Resource(char const*, SurfaceID, bool)
                0x000000000203763c                MakeSurface_File(char const*, SurfaceID)
                0x0000000002037648                MakeSurface_Resource(char const*, SurfaceID)
                0x000000000203764c                ReloadBitmap_File(char const*, SurfaceID)
                0x0000000002037658                ReloadBitmap_Resource(char const*, SurfaceID)
                0x000000000203765c                BackupSurface(SurfaceID, RECT*)
                0x0000000002037660                CopyFaceTexture()
                0x00000000020376d0                Flip_SystemTask()
                0x000000000203772c                DrawBitmapSizeParam(RECT*, int, int, int, int, RECT*, SurfaceID, bool)
                0x0000000002037840                Surface2Surface(int, int, RECT*, int, int)
                0x0000000002037844                Surface2Texture(int, int, RECT*, int, int)
                0x000000000203787c                GetCortBoxColor(unsigned long)
                0x0000000002037880                CortBox(RECT*, unsigned long)
                0x00000000020378a8                CortBoxAlpha(RECT*, unsigned long, unsigned long)
                0x00000000020378d4                CortBox2(RECT*, unsigned long, SurfaceID)
                0x00000000020378d8                InitTextObject()
                0x00000000020378ec                GetTextSpacing(char const*)
                0x0000000002037918                PutText(RECT*, int, int, char const*, unsigned long)
                0x0000000002037a28                PutText2(int, int, char const*, unsigned long, SurfaceID)
                0x0000000002037a2c                EndTextObject()
 .text          0x0000000002037a44      0xd08 MycHit.o
                0x0000000002037a44                ResetMyCharFlag()
                0x0000000002037a50                PutlittleStar()
                0x0000000002037a98                JudgeHitMyCharBlock(int, int)
                0x0000000002037c7c                JudgeHitMyCharTriangleA(int, int)
                0x0000000002037d10                JudgeHitMyCharTriangleB(int, int)
                0x0000000002037d9c                JudgeHitMyCharTriangleC(int, int)
                0x0000000002037e28                JudgeHitMyCharTriangleD(int, int)
                0x0000000002037ebc                JudgeHitMyCharTriangleE(int, int)
                0x0000000002037f54                JudgeHitMyCharTriangleF(int, int)
                0x0000000002037fe0                JudgeHitMyCharTriangleG(int, int)
                0x000000000203806c                JudgeHitMyCharTriangleH(int, int)
                0x0000000002038104                JudgeHitMyCharWater(int, int)
                0x0000000002038158                JudgeHitMyCharDamage(int, int)
                0x00000000020381c0                JudgeHitMyCharDamageW(int, int)
                0x0000000002038228                JudgeHitMyCharVectLeft(int, int)
                0x0000000002038280                JudgeHitMyCharVectUp(int, int)
                0x00000000020382d8                JudgeHitMyCharVectRight(int, int)
                0x0000000002038330                JudgeHitMyCharVectDown(int, int)
                0x0000000002038388                HitMyCharMap()
                0x00000000020385f4                HitMyCharBoss()
 .text          0x000000000203874c     0x2564 NpcAct340.o
                0x000000000203874c                ActNpc340(NPCHAR*)
                0x0000000002039298                ActNpc341(NPCHAR*)
                0x0000000002039300                ActNpc342(NPCHAR*)
                0x00000000020398d4                ActNpc343(NPCHAR*)
                0x0000000002039914                ActNpc344(NPCHAR*)
                0x0000000002039990                ActNpc345(NPCHAR*)
                0x0000000002039b1c                ActNpc346(NPCHAR*)
                0x0000000002039e00                ActNpc347(NPCHAR*)
                0x0000000002039f24                ActNpc348(NPCHAR*)
                0x0000000002039f9c                ActNpc349(NPCHAR*)
                0x0000000002039ff0                ActNpc350(NPCHAR*)
                0x000000000203a370                ActNpc351(NPCHAR*)
                0x000000000203a45c                ActNpc352(NPCHAR*)
                0x000000000203a580                ActNpc353(NPCHAR*)
                0x000000000203a808                ActNpc354(NPCHAR*)
                0x000000000203a8c4                ActNpc355(NPCHAR*)
                0x000000000203a994                ActNpc356(NPCHAR*)
                0x000000000203aac4                ActNpc357(NPCHAR*)
                0x000000000203ab74                ActNpc358(NPCHAR*)
                0x000000000203abe0                ActNpc359(NPCHAR*)
                0x000000000203ac64                ActNpc360(NPCHAR*)
 .text          0x000000000203acb0     0x2acc NpcAct260.o
                0x000000000203acb0                ActNpc260(NPCHAR*)
                0x000000000203adc0                ActNpc261(NPCHAR*)
                0x000000000203ae94                ActNpc262(NPCHAR*)
                0x000000000203af68                ActNpc263(NPCHAR*)
                0x000000000203b4e4                ActNpc264(NPCHAR*)
                0x000000000203b5d8                ActNpc265(NPCHAR*)
                0x000000000203b628                ActNpc266(NPCHAR*)
                0x000000000203b6dc                ActNpc267(NPCHAR*)
                0x000000000203c3ac                ActNpc268(NPCHAR*)
                0x000000000203c710                ActNpc269(NPCHAR*)
                0x000000000203c804                ActNpc270(NPCHAR*)
                0x000000000203c994                ActNpc271(NPCHAR*)
                0x000000000203cb0c                ActNpc272(NPCHAR*)
                0x000000000203cb70                ActNpc273(NPCHAR*)
                0x000000000203cc50                ActNpc274(NPCHAR*)
                0x000000000203ce60                ActNpc275(NPCHAR*)
                0x000000000203cf58                ActNpc276(NPCHAR*)
                0x000000000203d29c                ActNpc277(NPCHAR*)
                0x000000000203d37c                ActNpc278(NPCHAR*)
                0x000000000203d528                ActNpc279(NPCHAR*)
 .text          0x000000000203d77c      0x1f0 NpcTbl.o
                0x000000000203d77c                LoadNpcTable(char const*)
                0x000000000203d954                ReleaseNpcTable()
 .text          0x000000000203d96c      0xac4 Ending.o
                0x000000000203db5c                ActionStripper()
                0x000000000203db9c                PutStripper()
                0x000000000203dc90                SetStripper(int, int, char const*, int)
                0x000000000203dd00                RestoreStripper()
                0x000000000203dd64                ActionIllust()
                0x000000000203ddb0                PutIllust()
                0x000000000203de04                ReloadIllust(int)
                0x000000000203de24                InitCreditScript()
                0x000000000203de48                ReleaseCreditScript()
                0x000000000203de60                StartCreditScript()
                0x000000000203df4c                ActionCredit_Read()
                0x000000000203e264                ActionCredit()
                0x000000000203e298                GetScriptNumber(char const*)
                0x000000000203e2c8                SetCreditIllust(int)
                0x000000000203e2f0                CutCreditIllust()
                0x000000000203e2fc                Scene_DownIsland(int)
 .text          0x000000000203e430      0x4bc Frame.o
                0x000000000203e430                MoveFrame3()
                0x000000000203e620                GetFramePosition(int*, int*)
                0x000000000203e630                SetFramePosition(int, int)
                0x000000000203e73c                SetFrameMyChar()
                0x000000000203e848                SetFrameTargetMyChar(int)
                0x000000000203e860                SetFrameTargetNpChar(int, int)
                0x000000000203e8a0                SetFrameTargetBoss(int, int)
                0x000000000203e8c4                SetQuake(int)
                0x000000000203e8d0                SetQuake2(int)
                0x000000000203e8dc                ResetQuake()
 .text          0x000000000203e8ec     0x1220 BossX.o
                0x000000000203f06c                ActBossChar_MonstX()
 .text          0x000000000203fb0c     0x1ee8 NpcAct280.o
                0x000000000203fb0c                ActNpc280(NPCHAR*)
                0x000000000203fc38                ActNpc281(NPCHAR*)
                0x000000000203fcd4                ActNpc282(NPCHAR*)
                0x000000000203ff70                ActNpc283(NPCHAR*)
                0x00000000020405d0                ActNpc284(NPCHAR*)
                0x0000000002040ce8                ActNpc285(NPCHAR*)
                0x0000000002040dcc                ActNpc286(NPCHAR*)
                0x0000000002040e1c                ActNpc287(NPCHAR*)
                0x0000000002040eb0                ActNpc288(NPCHAR*)
                0x000000000204105c                ActNpc289(NPCHAR*)
                0x0000000002041294                ActNpc290(NPCHAR*)
                0x0000000002041460                ActNpc291(NPCHAR*)
                0x00000000020414b0                ActNpc292(NPCHAR*)
                0x00000000020414bc                ActNpc293(NPCHAR*)
                0x000000000204155c                ActNpc294(NPCHAR*)
                0x0000000002041650                ActNpc295(NPCHAR*)
                0x0000000002041784                ActNpc296(NPCHAR*)
                0x0000000002041828                ActNpc297(NPCHAR*)
                0x000000000204186c                ActNpc298(NPCHAR*)
                0x000000000204197c                ActNpc299(NPCHAR*)
 .text          0x00000000020419f4      0x580 PixTone.o
                0x00000000020419f4                MakeWaveTables()
                0x0000000002041af4                MakePixelWaveData(PIXTONEPARAMETER const*, unsigned char*)
 .text          0x0000000002041f74      0x128 MapName.o
                0x0000000002041f74                ReadyMapName(char const*)
                0x0000000002041fc8                PutMapName(bool)
                0x0000000002042088                StartMapName()
                0x0000000002042098                RestoreMapName()
 .text          0x000000000204209c      0x46c BossIronH.o
                0x000000000204209c                ActBossChar_Ironhead()
 .text          0x0000000002042508      0xf04 MycParam.o
                0x00000000020426f8                AddExpMyChar(int)
                0x00000000020427fc                ZeroExpMyChar()
                0x000000000204281c                IsMaxExpMyChar()
                0x0000000002042860                DamageMyChar(int)
                0x00000000020429cc                ZeroArmsEnergy_All()
                0x00000000020429e8                AddBulletMyChar(int, int)
                0x0000000002042a30                AddLifeMyChar(int)
                0x0000000002042a58                AddMaxLifeMyChar(int)
                0x0000000002042a88                PutArmsEnergy(bool)
                0x0000000002042d64                PutActiveArmsList()
                0x0000000002042e40                PutMyLife(bool)
                0x0000000002042f54                PutMyAir(int, int)
                0x0000000002043028                PutTimeCounter(int, int)
                0x00000000020431ac                SaveTimeCounter()
                0x0000000002043330                LoadTimeCounter()
 .text          0x000000000204340c     0x1750 NpcAct020.o
                0x000000000204340c                ActNpc020(NPCHAR*)
                0x000000000204347c                ActNpc021(NPCHAR*)
                0x00000000020434bc                ActNpc022(NPCHAR*)
                0x0000000002043504                ActNpc023(NPCHAR*)
                0x0000000002043548                ActNpc024(NPCHAR*)
                0x00000000020438b0                ActNpc025(NPCHAR*)
                0x0000000002043a10                ActNpc026(NPCHAR*)
                0x0000000002043c68                ActNpc027(NPCHAR*)
                0x0000000002043c94                ActNpc028(NPCHAR*)
                0x0000000002044004                ActNpc029(NPCHAR*)
                0x00000000020440b8                ActNpc030(NPCHAR*)
                0x0000000002044178                ActNpc031(NPCHAR*)
                0x00000000020443fc                ActNpc032(NPCHAR*)
                0x0000000002044448                ActNpc033(NPCHAR*)
                0x0000000002044500                ActNpc034(NPCHAR*)
                0x000000000204454c                ActNpc035(NPCHAR*)
                0x00000000020446a8                ActNpc036(NPCHAR*)
                0x0000000002044a68                ActNpc037(NPCHAR*)
                0x0000000002044ab4                ActNpc038(NPCHAR*)
                0x0000000002044b24                ActNpc039(NPCHAR*)
 .text          0x0000000002044b5c      0x55c SelStage.o
                0x0000000002044d4c                ClearPermitStage()
                0x0000000002044d60                AddPermitStage(int, int)
                0x0000000002044d94                SubPermitStage(int)
                0x0000000002044dd8                MoveStageSelectCursor()
                0x0000000002044e88                PutStageSelectObject()
                0x0000000002044fa8                StageSelectLoop(int*)
 .text          0x00000000020450b8      0xd10 NpChar.o
                0x00000000020450b8                InitNpChar()
                0x00000000020450d8                SetUniqueParameter(NPCHAR*)
                0x0000000002045148                LoadEvent(char const*)
                0x000000000204530c                SetNpChar(int, int, int, int, int, int, NPCHAR*, int)
                0x00000000020453c4                SetDestroyNpChar(int, int, int, int)
                0x0000000002045440                SetDestroyNpCharUp(int, int, int, int)
                0x00000000020454c0                SetExpObjects(int, int, int)
                0x00000000020455a4                SetBulletObject(int, int, int)
                0x00000000020456b8                SetLifeObject(int, int, int)
                0x0000000002045758                VanishNpChar(NPCHAR*)
                0x0000000002045790                UpdateActiveNpChar()
                0x0000000002045794                AddToActiveNPCList(NPCHAR*)
                0x00000000020457b0                RemoveFromActiveNPCList(NPCHAR*)
                0x00000000020457ec                ChangeNpCharByEvent(int, int, int)
                0x00000000020458c4                ChangeCheckableNpCharByEvent(int, int, int)
                0x00000000020459a4                SetNpCharActionNo(int, int, int)
                0x00000000020459f8                MoveNpChar(int, int, int, int)
                0x0000000002045a54                BackStepMyChar(int)
                0x0000000002045abc                DeleteNpCharEvent(int)
                0x0000000002045b3c                DeleteNpCharCode(int, bool)
                0x0000000002045d3c                GetNpCharPosition(int*, int*, int)
                0x0000000002045d54                IsNpCharCode(int)
                0x0000000002045d7c                GetNpCharAlive(int)
                0x0000000002045da4                CountAliveNpChar()
 .text          0x0000000002045dc8      0x9ac BossTwinD.o
                0x0000000002046334                ActBossChar_Twin()
 *fill*         0x0000000002046774        0xc ff
 .text          0x0000000002046780     0x4000 /opt/devkitpro/libnds/lib/libnds9.a(dldi_stub.o)
                0x0000000002046780                _io_dldi_stub
 .text          0x000000000204a780      0x11c /opt/devkitpro/devkitARM/lib/gcc/arm-none-eabi/10.1.0/thumb/libgcc.a(_udivsi3.o)
                0x000000000204a780                __udivsi3
                0x000000000204a780                __aeabi_uidiv
                0x000000000204a87c                __aeabi_uidivmod
 .text          0x000000000204a89c      0x150 /opt/devkitpro/devkitARM/lib/gcc/arm-none-eabi/10.1.0/thumb/libgcc.a(_divsi3.o)
                0x000000000204a89c                __divsi3
                0x000000000204a89c                __aeabi_idiv
                0x000000000204a9cc                __aeabi_idivmod
 .text          0x000000000204a9ec        0x4 /opt/devkitpro/devkitARM/lib/gcc/arm-none-eabi/10.1.0/thumb/libgcc.a(_dvmd_tls.o)
                0x000000000204a9ec                __aeabi_ldiv0
                0x000000000204a9ec                __aeabi_idiv0
 .text          0x000000000204a9f0      0x424 /opt/devkitpro/devkitARM/lib/gcc/arm-none-eabi/10.1.0/thumb/libgcc.a(_arm_addsubdf3.o)
                0x000000000204a9f0                __aeabi_drsub
                0x000000000204a9f8                __aeabi_dsub
                0x000000000204a9f8                __subdf3
                0x000000000204a9fc                __adddf3
                0x000000000204a9fc                __aeabi_dadd
                0x000000000204ad0c                __aeabi_ui2d
                0x000000000204ad0c                __floatunsidf
                0x000000000204ad30                __aeabi_i2d
                0x000000000204ad30                __floatsidf
                0x000000000204ad58                __extendsfdf2
                0x000000000204ad58                __aeabi_f2d
                0x000000000204ada0                __aeabi_ul2d
                0x000000000204ada0                __floatundidf
                0x000000000204adb4                __floatdidf
                0x000000000204adb4                __aeabi_l2d
 .text          0x000000000204ae14      0x49c /opt/devkitpro/devkitARM/lib/gcc/arm-none-eabi/10.1.0/thumb/libgcc.a(_arm_muldivdf3.o)
                0x000000000204ae14                __aeabi_dmul
                0x000000000204ae14                __muldf3
                0x000000000204b0a4                __aeabi_ddiv
                0x000000000204b0a4                __divdf3
 .text          0x000000000204b2b0      0x144 /opt/devkitpro/devkitARM/lib/gcc/arm-none-eabi/10.1.0/thumb/libgcc.a(_arm_cmpdf2.o)
                0x000000000204b2b0                __gtdf2
                0x000000000204b2b0                __gedf2
                0x000000000204b2b8                __ltdf2
                0x000000000204b2b8                __ledf2
                0x000000000204b2c0                __cmpdf2
                0x000000000204b2c0                __nedf2
                0x000000000204b2c0                __eqdf2
                0x000000000204b348                __aeabi_cdrcmple
                0x000000000204b364                __aeabi_cdcmple
                0x000000000204b364                __aeabi_cdcmpeq
                0x000000000204b37c                __aeabi_dcmpeq
                0x000000000204b394                __aeabi_dcmplt
                0x000000000204b3ac                __aeabi_dcmple
                0x000000000204b3c4                __aeabi_dcmpge
                0x000000000204b3dc                __aeabi_dcmpgt
 .text          0x000000000204b3f4       0x5c /opt/devkitpro/devkitARM/lib/gcc/arm-none-eabi/10.1.0/thumb/libgcc.a(_arm_fixdfsi.o)
                0x000000000204b3f4                __aeabi_d2iz
                0x000000000204b3f4                __fixdfsi
 .text          0x000000000204b450       0xa0 /opt/devkitpro/devkitARM/lib/gcc/arm-none-eabi/10.1.0/thumb/libgcc.a(_arm_truncdfsf2.o)
                0x000000000204b450                __aeabi_d2f
                0x000000000204b450                __truncdfsf2
 .text          0x000000000204b4f0      0x2ac /opt/devkitpro/devkitARM/lib/gcc/arm-none-eabi/10.1.0/thumb/libgcc.a(_arm_addsubsf3.o)
                0x000000000204b4f0                __aeabi_frsub
                0x000000000204b4f8                __aeabi_fsub
                0x000000000204b4f8                __subsf3
                0x000000000204b4fc                __aeabi_fadd
                0x000000000204b4fc                __addsf3
                0x000000000204b6b8                __aeabi_ui2f
                0x000000000204b6b8                __floatunsisf
                0x000000000204b6c0                __floatsisf
                0x000000000204b6c0                __aeabi_i2f
                0x000000000204b6e0                __floatundisf
                0x000000000204b6e0                __aeabi_ul2f
                0x000000000204b6f0                __floatdisf
                0x000000000204b6f0                __aeabi_l2f
 .text          0x000000000204b79c      0x2f8 /opt/devkitpro/devkitARM/lib/gcc/arm-none-eabi/10.1.0/thumb/libgcc.a(_arm_muldivsf3.o)
                0x000000000204b79c                __mulsf3
                0x000000000204b79c                __aeabi_fmul
                0x000000000204b934                __aeabi_fdiv
                0x000000000204b934                __divsf3
 .text          0x000000000204ba94      0x114 /opt/devkitpro/devkitARM/lib/gcc/arm-none-eabi/10.1.0/thumb/libgcc.a(_arm_cmpsf2.o)
                0x000000000204ba94                __gtsf2
                0x000000000204ba94                __gesf2
                0x000000000204ba9c                __ltsf2
                0x000000000204ba9c                __lesf2
                0x000000000204baa4                __eqsf2
                0x000000000204baa4                __nesf2
                0x000000000204baa4                __cmpsf2
                0x000000000204bb08                __aeabi_cfrcmple
                0x000000000204bb18                __aeabi_cfcmple
                0x000000000204bb18                __aeabi_cfcmpeq
                0x000000000204bb30                __aeabi_fcmpeq
                0x000000000204bb48                __aeabi_fcmplt
                0x000000000204bb60                __aeabi_fcmple
                0x000000000204bb78                __aeabi_fcmpge
                0x000000000204bb90                __aeabi_fcmpgt
 .text          0x000000000204bba8       0x5c /opt/devkitpro/devkitARM/lib/gcc/arm-none-eabi/10.1.0/thumb/libgcc.a(_arm_fixsfsi.o)
                0x000000000204bba8                __fixsfsi
                0x000000000204bba8                __aeabi_f2iz
 .text          0x000000000204bc04       0xd4 /opt/devkitpro/devkitARM/lib/gcc/arm-none-eabi/10.1.0/thumb/libgcc.a(_aeabi_ldivmod.o)
                0x000000000204bc04                __aeabi_ldivmod
 .text          0x000000000204bcd8      0x1d8 /opt/devkitpro/devkitARM/lib/gcc/arm-none-eabi/10.1.0/thumb/libgcc.a(libunwind.o)
                0x000000000204bcd8                restore_core_regs
                0x000000000204bcd8                __restore_core_regs
                0x000000000204bcf4                __gnu_Unwind_Restore_VFP
                0x000000000204bcfc                __gnu_Unwind_Save_VFP
                0x000000000204bd04                __gnu_Unwind_Restore_VFP_D
                0x000000000204bd0c                __gnu_Unwind_Save_VFP_D
                0x000000000204bd14                __gnu_Unwind_Restore_VFP_D_16_to_31
                0x000000000204bd1c                __gnu_Unwind_Save_VFP_D_16_to_31
                0x000000000204bd24                __gnu_Unwind_Restore_WMMXD
                0x000000000204bd68                __gnu_Unwind_Save_WMMXD
                0x000000000204bdac                __gnu_Unwind_Restore_WMMXC
                0x000000000204bdc0                __gnu_Unwind_Save_WMMXC
                0x000000000204bdd4                _Unwind_RaiseException
                0x000000000204bdd4                ___Unwind_RaiseException
                0x000000000204be00                ___Unwind_Resume
                0x000000000204be00                _Unwind_Resume
                0x000000000204be2c                ___Unwind_Resume_or_Rethrow
                0x000000000204be2c                _Unwind_Resume_or_Rethrow
                0x000000000204be58                _Unwind_ForcedUnwind
                0x000000000204be58                ___Unwind_ForcedUnwind
                0x000000000204be84                ___Unwind_Backtrace
                0x000000000204be84                _Unwind_Backtrace
 .text          0x000000000204beb0       0x28 /opt/devkitpro/devkitARM/lib/gcc/arm-none-eabi/10.1.0/thumb/libgcc.a(_clzdi2.o)
                0x000000000204beb0                __clzdi2
 .text          0x000000000204bed8       0x48 /opt/devkitpro/devkitARM/lib/gcc/arm-none-eabi/10.1.0/thumb/libgcc.a(_clzsi2.o)
                0x000000000204bed8                __clzsi2
 .text          0x000000000204bf20      0x224 /opt/devkitpro/devkitARM/lib/gcc/arm-none-eabi/10.1.0/../../../../arm-none-eabi/lib/thumb/libg.a(lib_a-strcmp.o)
                0x000000000204bf20                strcmp
 .text          0x000000000204c144       0x14 /opt/devkitpro/devkitARM/lib/gcc/arm-none-eabi/10.1.0/thumb/libgcc.a(_thumb1_case_uqi.o)
                0x000000000204c144                __gnu_thumb1_case_uqi
 .text          0x000000000204c158       0x14 /opt/devkitpro/devkitARM/lib/gcc/arm-none-eabi/10.1.0/thumb/libgcc.a(_thumb1_case_uhi.o)
                0x000000000204c158                __gnu_thumb1_case_uhi
 .text          0x000000000204c16c       0x18 /opt/devkitpro/devkitARM/lib/gcc/arm-none-eabi/10.1.0/thumb/libgcc.a(_thumb1_case_si.o)
                0x000000000204c16c                __gnu_thumb1_case_si
 .text          0x000000000204c184       0x38 /opt/devkitpro/devkitARM/lib/gcc/arm-none-eabi/10.1.0/thumb/libgcc.a(_arm_unorddf2.o)
                0x000000000204c184                __aeabi_dcmpun
                0x000000000204c184                __unorddf2
 .text          0x000000000204c1bc       0x54 /opt/devkitpro/devkitARM/lib/gcc/arm-none-eabi/10.1.0/thumb/libgcc.a(_arm_fixunsdfsi.o)
                0x000000000204c1bc                __aeabi_d2uiz
                0x000000000204c1bc                __fixunsdfsi
 .text          0x000000000204c210       0x3c /opt/devkitpro/devkitARM/lib/gcc/arm-none-eabi/10.1.0/thumb/libgcc.a(_aeabi_uldivmod.o)
                0x000000000204c210                __aeabi_uldivmod
 *(EXCLUDE_FILE(*.twl* *.vectors* *.itcm*) .stub)
 *(EXCLUDE_FILE(*.twl* *.vectors* *.itcm*) .text.*)
 .text.deregister_tm_clones
                0x000000000204c24c       0x2c /opt/devkitpro/devkitARM/lib/gcc/arm-none-eabi/10.1.0/thumb/crtbegin.o
 .text.register_tm_clones
                0x000000000204c278       0x34 /opt/devkitpro/devkitARM/lib/gcc/arm-none-eabi/10.1.0/thumb/crtbegin.o
 .text.__do_global_dtors_aux
                0x000000000204c2ac       0x30 /opt/devkitpro/devkitARM/lib/gcc/arm-none-eabi/10.1.0/thumb/crtbegin.o
 .text.frame_dummy
                0x000000000204c2dc       0x28 /opt/devkitpro/devkitARM/lib/gcc/arm-none-eabi/10.1.0/thumb/crtbegin.o
 .text.hot      0x000000000204c304      0x20c Map.o
                0x000000000204c304                PutStage_Back(int, int)
                0x000000000204c400                PutStage_Front(int, int)
 .text.startup  0x000000000204c510      0x2e4 Main.o
                0x000000000204c510                main
 .text.startup  0x000000000204c7f4     0x20b0 fopen.o
 .text.hot      0x000000000204e8a4      0x3d4 NpcHit.o
                0x000000000204e8a4                HitNpCharMap()
                0x000000000204eb48                HitNpCharBullet()
 .text.hot      0x000000000204ec78      0x720 MycHit.o
                0x000000000204ec78                JudgeHitMyCharNPC(NPCHAR*)
                0x000000000204ee6c                JudgeHitMyCharNPC3(NPCHAR*)
                0x000000000204ef00                JudgeHitMyCharNPC4(NPCHAR*)
                0x000000000204f18c                HitMyCharNpChar()
 .text.hot      0x000000000204f398      0x388 NpChar.o
                0x000000000204f398                PutNpChar(int, int)
                0x000000000204f6a0                ActNpChar()
 .text.fatMount.part.0
                0x000000000204f720       0xa0 /opt/devkitpro/libnds/lib/libfat.a(libfat.o)
 .text.fatMount
                0x000000000204f7c0       0x3c /opt/devkitpro/libnds/lib/libfat.a(libfat.o)
                0x000000000204f7c0                fatMount
 .text.fatInit  0x000000000204f7fc      0x130 /opt/devkitpro/libnds/lib/libfat.a(libfat.o)
                0x000000000204f7fc                fatInit
 .text.fatInitDefault
                0x000000000204f92c        0xc /opt/devkitpro/libnds/lib/libfat.a(libfat.o)
                0x000000000204f92c                fatInitDefault
 .text._FAT_check_position_for_next_cluster.part.0
                0x000000000204f938       0x68 /opt/devkitpro/libnds/lib/libfat.a(fatfile.o)
 .text._FAT_syncToDisc.part.0
                0x000000000204f9a0       0xd4 /opt/devkitpro/libnds/lib/libfat.a(fatfile.o)
 .text._FAT_file_extend_r
                0x000000000204fa74      0x208 /opt/devkitpro/libnds/lib/libfat.a(fatfile.o)
 .text._FAT_open_r
                0x000000000204fc7c      0x2d4 /opt/devkitpro/libnds/lib/libfat.a(fatfile.o)
                0x000000000204fc7c                _FAT_open_r
 .text._FAT_close_r
                0x000000000204ff50       0x74 /opt/devkitpro/libnds/lib/libfat.a(fatfile.o)
                0x000000000204ff50                _FAT_close_r
 .text._FAT_read_r
                0x000000000204ffc4      0x398 /opt/devkitpro/libnds/lib/libfat.a(fatfile.o)
                0x000000000204ffc4                _FAT_read_r
 .text._FAT_write_r
                0x000000000205035c      0x53c /opt/devkitpro/libnds/lib/libfat.a(fatfile.o)
                0x000000000205035c                _FAT_write_r
 .text._FAT_seek_r
                0x0000000002050898      0x194 /opt/devkitpro/libnds/lib/libfat.a(fatfile.o)
                0x0000000002050898                _FAT_seek_r
 .text._FAT_fstat_r
                0x0000000002050a2c       0x8c /opt/devkitpro/libnds/lib/libfat.a(fatfile.o)
                0x0000000002050a2c                _FAT_fstat_r
 .text._FAT_ftruncate_r
                0x0000000002050ab8      0x16c /opt/devkitpro/libnds/lib/libfat.a(fatfile.o)
                0x0000000002050ab8                _FAT_ftruncate_r
 .text._FAT_fsync_r
                0x0000000002050c24       0x44 /opt/devkitpro/libnds/lib/libfat.a(fatfile.o)
                0x0000000002050c24                _FAT_fsync_r
 .text._FAT_cache_getPage
                0x0000000002050c68       0xf0 /opt/devkitpro/libnds/lib/libfat.a(cache.o)
 .text._FAT_cache_constructor
                0x0000000002050d58       0x90 /opt/devkitpro/libnds/lib/libfat.a(cache.o)
                0x0000000002050d58                _FAT_cache_constructor
 .text._FAT_cache_readSectors
                0x0000000002050de8       0x60 /opt/devkitpro/libnds/lib/libfat.a(cache.o)
                0x0000000002050de8                _FAT_cache_readSectors
 .text._FAT_cache_readPartialSector
                0x0000000002050e48       0x3c /opt/devkitpro/libnds/lib/libfat.a(cache.o)
                0x0000000002050e48                _FAT_cache_readPartialSector
 .text._FAT_cache_readLittleEndianValue
                0x0000000002050e84       0x70 /opt/devkitpro/libnds/lib/libfat.a(cache.o)
                0x0000000002050e84                _FAT_cache_readLittleEndianValue
 .text._FAT_cache_writePartialSector
                0x0000000002050ef4       0x4c /opt/devkitpro/libnds/lib/libfat.a(cache.o)
                0x0000000002050ef4                _FAT_cache_writePartialSector
 .text._FAT_cache_writeLittleEndianValue
                0x0000000002050f40       0x8c /opt/devkitpro/libnds/lib/libfat.a(cache.o)
                0x0000000002050f40                _FAT_cache_writeLittleEndianValue
 .text._FAT_cache_eraseWritePartialSector
                0x0000000002050fcc       0x60 /opt/devkitpro/libnds/lib/libfat.a(cache.o)
                0x0000000002050fcc                _FAT_cache_eraseWritePartialSector
 .text._FAT_cache_writeSectors
                0x000000000205102c       0x80 /opt/devkitpro/libnds/lib/libfat.a(cache.o)
                0x000000000205102c                _FAT_cache_writeSectors
 .text._FAT_cache_flush
                0x00000000020510ac       0x40 /opt/devkitpro/libnds/lib/libfat.a(cache.o)
                0x00000000020510ac                _FAT_cache_flush
 .text._FAT_stat_r
                0x00000000020510ec       0x90 /opt/devkitpro/libnds/lib/libfat.a(fatdir.o)
                0x00000000020510ec                _FAT_stat_r
 .text._FAT_link_r
                0x000000000205117c        0xc /opt/devkitpro/libnds/lib/libfat.a(fatdir.o)
                0x000000000205117c                _FAT_link_r
 .text._FAT_unlink_r
                0x0000000002051188      0x184 /opt/devkitpro/libnds/lib/libfat.a(fatdir.o)
                0x0000000002051188                _FAT_unlink_r
 .text._FAT_chdir_r
                0x000000000205130c       0x70 /opt/devkitpro/libnds/lib/libfat.a(fatdir.o)
                0x000000000205130c                _FAT_chdir_r
 .text._FAT_rename_r
                0x000000000205137c      0x1c4 /opt/devkitpro/libnds/lib/libfat.a(fatdir.o)
                0x000000000205137c                _FAT_rename_r
 .text._FAT_mkdir_r
                0x0000000002051540      0x244 /opt/devkitpro/libnds/lib/libfat.a(fatdir.o)
                0x0000000002051540                _FAT_mkdir_r
 .text._FAT_statvfs_r
                0x0000000002051784       0x78 /opt/devkitpro/libnds/lib/libfat.a(fatdir.o)
                0x0000000002051784                _FAT_statvfs_r
 .text._FAT_diropen_r
                0x00000000020517fc       0xb0 /opt/devkitpro/libnds/lib/libfat.a(fatdir.o)
                0x00000000020517fc                _FAT_diropen_r
 .text._FAT_dirreset_r
                0x00000000020518ac       0x4c /opt/devkitpro/libnds/lib/libfat.a(fatdir.o)
                0x00000000020518ac                _FAT_dirreset_r
 .text._FAT_dirnext_r
                0x00000000020518f8       0x7c /opt/devkitpro/libnds/lib/libfat.a(fatdir.o)
                0x00000000020518f8                _FAT_dirnext_r
 .text._FAT_dirclose_r
                0x0000000002051974       0x20 /opt/devkitpro/libnds/lib/libfat.a(fatdir.o)
                0x0000000002051974                _FAT_dirclose_r
 .text._FAT_directory_entryGetAlias
                0x0000000002051994       0xc8 /opt/devkitpro/libnds/lib/libfat.a(directory.o)
 .text._FAT_directory_incrementDirEntryPosition
                0x0000000002051a5c       0x80 /opt/devkitpro/libnds/lib/libfat.a(directory.o)
 .text._FAT_directory_mbsncasecmp
                0x0000000002051adc       0xa8 /opt/devkitpro/libnds/lib/libfat.a(directory.o)
 .text._FAT_directory_ucs2tombs.constprop.0
                0x0000000002051b84       0x90 /opt/devkitpro/libnds/lib/libfat.a(directory.o)
 .text._FAT_directory_entryGetCluster
                0x0000000002051c14       0x20 /opt/devkitpro/libnds/lib/libfat.a(directory.o)
                0x0000000002051c14                _FAT_directory_entryGetCluster
 .text._FAT_directory_getNextEntry
                0x0000000002051c34      0x23c /opt/devkitpro/libnds/lib/libfat.a(directory.o)
                0x0000000002051c34                _FAT_directory_getNextEntry
 .text._FAT_directory_entryExists
                0x0000000002051e70       0x80 /opt/devkitpro/libnds/lib/libfat.a(directory.o)
 .text._FAT_directory_getFirstEntry
                0x0000000002051ef0       0x20 /opt/devkitpro/libnds/lib/libfat.a(directory.o)
                0x0000000002051ef0                _FAT_directory_getFirstEntry
 .text._FAT_directory_getRootEntry
                0x0000000002051f10       0x60 /opt/devkitpro/libnds/lib/libfat.a(directory.o)
                0x0000000002051f10                _FAT_directory_getRootEntry
 .text._FAT_directory_entryFromPosition
                0x0000000002051f70      0x150 /opt/devkitpro/libnds/lib/libfat.a(directory.o)
                0x0000000002051f70                _FAT_directory_entryFromPosition
 .text._FAT_directory_entryFromPath
                0x00000000020520c0      0x248 /opt/devkitpro/libnds/lib/libfat.a(directory.o)
                0x00000000020520c0                _FAT_directory_entryFromPath
 .text._FAT_directory_removeEntry
                0x0000000002052308       0xd8 /opt/devkitpro/libnds/lib/libfat.a(directory.o)
                0x0000000002052308                _FAT_directory_removeEntry
 .text._FAT_directory_addEntry