Archive member included to satisfy reference by file (symbol)

/opt/devkitpro/libnds/lib/libdswifi7.a(wifi_arm7.o)
                              main.o (Wifi_Update)
/opt/devkitpro/libnds/lib/libdswifi7.a(spinlock.o)
                              /opt/devkitpro/libnds/lib/libdswifi7.a(wifi_arm7.o) (SLasm_Acquire)
/opt/devkitpro/libnds/lib/libmm7.a(mm_main.o)
                              main.o (mmInstall)
/opt/devkitpro/libnds/lib/libmm7.a(mm_effect.o)
                              /opt/devkitpro/libnds/lib/libmm7.a(mm_main.o) (mmResetEffects)
/opt/devkitpro/libnds/lib/libmm7.a(mm_mas_arm.o)
                              /opt/devkitpro/libnds/lib/libmm7.a(mm_effect.o) (mmAllocChannel)
/opt/devkitpro/libnds/lib/libmm7.a(mm_mixer_super.o)
                              /opt/devkitpro/libnds/lib/libmm7.a(mm_main.o) (mm_mix_channels)
/opt/devkitpro/libnds/lib/libmm7.a(mm_comms7.o)
                              /opt/devkitpro/libnds/lib/libmm7.a(mm_main.o) (mmSetupComms)
/opt/devkitpro/libnds/lib/libmm7.a(mm_stream.o)
                              /opt/devkitpro/libnds/lib/libmm7.a(mm_comms7.o) (mmStreamBegin)
/opt/devkitpro/libnds/lib/libmm7.a(mm_mas.o)
                              /opt/devkitpro/libnds/lib/libmm7.a(mm_comms7.o) (mmLayerMain)
/opt/devkitpro/libnds/lib/libmm7.a(mm_reverb.o)
                              /opt/devkitpro/libnds/lib/libmm7.a(mm_comms7.o) (mmReverbEnable)
/opt/devkitpro/libnds/lib/libnds7.a(input.o)
                              main.o (inputGetAndSend)
/opt/devkitpro/libnds/lib/libnds7.a(system.o)
                              /opt/devkitpro/libnds/lib/libnds7.a(input.o) (systemSleep)
/opt/devkitpro/libnds/lib/libnds7.a(touch.o)
                              main.o (touchInit)
/opt/devkitpro/libnds/lib/libnds7.a(clock.o)
                              /opt/devkitpro/libnds/lib/libnds7.a(system.o) (resyncClock)
/opt/devkitpro/libnds/lib/libnds7.a(spi.o)
                              audio.o (writePowerManagement)
/opt/devkitpro/libnds/lib/libnds7.a(codec.twl.o)
                              /opt/devkitpro/libnds/lib/libnds7.a(touch.o) (cdcTouchInit)
/opt/devkitpro/libnds/lib/libnds7.a(firmware.o)
                              /opt/devkitpro/libnds/lib/libdswifi7.a(wifi_arm7.o) (readFirmware)
/opt/devkitpro/libnds/lib/libnds7.a(userSettings.o)
                              main.o (readUserSettings)
/opt/devkitpro/libnds/lib/libnds7.a(card.twl.o)
                              /opt/devkitpro/libnds/lib/libnds7.a(system.o) (twlEnableSlot1)
/opt/devkitpro/libnds/lib/libnds7.a(interrupts.o)
                              main.o (setPowerButtonCB)
/opt/devkitpro/libnds/lib/libnds7.a(libnds_exit.arm.o)
                              /opt/devkitpro/devkitARM/lib/gcc/arm-none-eabi/10.1.0/../../../../arm-none-eabi/lib/thumb/ds_arm7_crt0.o (__libnds_exit)
/opt/devkitpro/libnds/lib/libnds7.a(fifosystem.o)
                              /opt/devkitpro/libnds/lib/libdswifi7.a(wifi_arm7.o) (fifoSendValue32)
/opt/devkitpro/libnds/lib/libnds7.a(intrwait.o)
                              main.o (swiWaitForVBlank)
/opt/devkitpro/libnds/lib/libnds7.a(interruptDispatcher.o)
                              /opt/devkitpro/libnds/lib/libnds7.a(interrupts.o) (IntrMain)
/opt/devkitpro/libnds/lib/libnds7.a(biosCalls.o)
                              /opt/devkitpro/libnds/lib/libdswifi7.a(wifi_arm7.o) (swiDelay)
/opt/devkitpro/libnds/lib/libnds7.a(swiSoftReset.o)
                              /opt/devkitpro/libnds/lib/libnds7.a(fifosystem.o) (swiSoftReset)
/opt/devkitpro/libnds/lib/libnds7.a(i2c.twl.o)
                              /opt/devkitpro/libnds/lib/libnds7.a(interrupts.o) (i2cWriteRegister)
/opt/devkitpro/libnds/lib/libnds7.a(sdmmc.twl.o)
                              /opt/devkitpro/libnds/lib/libnds7.a(system.o) (sdmmcMsgHandler)
/opt/devkitpro/libnds/lib/libnds7.a(systemShutDown.o)
                              /opt/devkitpro/libnds/lib/libnds7.a(libnds_exit.arm.o) (systemShutDown)
/opt/devkitpro/devkitARM/lib/gcc/arm-none-eabi/10.1.0/thumb/libgcc.a(_thumb1_case_uqi.o)
                              /opt/devkitpro/libnds/lib/libnds7.a(sdmmc.twl.o) (__gnu_thumb1_case_uqi)
/opt/devkitpro/devkitARM/lib/gcc/arm-none-eabi/10.1.0/thumb/libgcc.a(_udivsi3.o)
                              /opt/devkitpro/libnds/lib/libnds7.a(clock.o) (__aeabi_uidiv)
/opt/devkitpro/devkitARM/lib/gcc/arm-none-eabi/10.1.0/thumb/libgcc.a(_divsi3.o)
                              audio.o (__aeabi_idiv)
/opt/devkitpro/devkitARM/lib/gcc/arm-none-eabi/10.1.0/thumb/libgcc.a(_dvmd_tls.o)
                              /opt/devkitpro/devkitARM/lib/gcc/arm-none-eabi/10.1.0/thumb/libgcc.a(_udivsi3.o) (__aeabi_idiv0)
/opt/devkitpro/devkitARM/lib/gcc/arm-none-eabi/10.1.0/thumb/libgcc.a(_call_via_rX.o)
                              /opt/devkitpro/libnds/lib/libmm7.a(mm_comms7.o) (_call_via_r1)
/opt/devkitpro/devkitARM/lib/gcc/arm-none-eabi/10.1.0/../../../../arm-none-eabi/lib/thumb/libg.a(lib_a-init.o)
[...]
Memory Configuration

Name             Origin             Length             Attributes
ewram            0x0000000002380000 0x0000000000b80000
rom              0x0000000008000000 0x0000000002000000
iwram            0x00000000037f8000 0x0000000000018000
twl_ewram        0x0000000002e80000 0x0000000000070000
twl_iwram        0x0000000003000000 0x0000000000040000
*default*        0x0000000000000000 0xffffffffffffffff

Linker script and memory map

                0x00000000037f8000                __iwram_start = ORIGIN (iwram)
                0x0000000003810000                __iwram_top = (ORIGIN (iwram) + LENGTH (iwram))
                0x000000000380ff00                __sp_irq = (__iwram_top - 0x100)
                0x000000000380fe00                __sp_svc = (__sp_irq - 0x100)
                0x000000000380fd00                __sp_usr = (__sp_svc - 0x100)
                0x0000000003fffff8                __irq_flags = 0x3fffff8
                0x0000000003ffffc0                __irq_flagsaux = 0x3ffffc0
                0x0000000003fffffc                __irq_vector = 0x3fffffc

.twl            0x0000000003000000      0xf74 load address 0x0000000002e80000
                0x0000000002e80000                __arm7i_lma__ = LOADADDR (.twl)
                0x0000000003000000                __arm7i_start__ = .
 *(.twl)
 .twl           0x0000000003000000       0xf0 /opt/devkitpro/libnds/lib/libnds7.a(interrupts.o)
                0x0000000003000000                i2cIRQHandler
                0x000000000300005a                irqSetAUX
                0x0000000003000080                irqClearAUX
                0x00000000030000a8                irqDisableAUX
                0x00000000030000cc                irqEnableAUX
 *.twl*(.text .stub .text.* .gnu.linkonce.t.*)
 .text.readTSC  0x00000000030000f0       0x50 /opt/devkitpro/libnds/lib/libnds7.a(codec.twl.o)
 .text.writeTSC
                0x0000000003000140       0x3c /opt/devkitpro/libnds/lib/libnds7.a(codec.twl.o)
 .text.bankSwitchTSC
                0x000000000300017c       0x28 /opt/devkitpro/libnds/lib/libnds7.a(codec.twl.o)
 .text.cdcReadReg
                0x00000000030001a4       0x14 /opt/devkitpro/libnds/lib/libnds7.a(codec.twl.o)
                0x00000000030001a4                cdcReadReg
 .text.cdcReadRegArray
                0x00000000030001b8       0x94 /opt/devkitpro/libnds/lib/libnds7.a(codec.twl.o)
                0x00000000030001b8                cdcReadRegArray
 .text.cdcWriteReg
                0x000000000300024c       0x18 /opt/devkitpro/libnds/lib/libnds7.a(codec.twl.o)
                0x000000000300024c                cdcWriteReg
 .text.cdcWriteRegMask
                0x0000000003000264       0x2a /opt/devkitpro/libnds/lib/libnds7.a(codec.twl.o)
                0x0000000003000264                cdcWriteRegMask
 .text.cdcTouchInit
                0x000000000300028e       0x88 /opt/devkitpro/libnds/lib/libnds7.a(codec.twl.o)
                0x000000000300028e                cdcTouchInit
 .text.cdcTouchPenDown
                0x0000000003000316       0x28 /opt/devkitpro/libnds/lib/libnds7.a(codec.twl.o)
                0x0000000003000316                cdcTouchPenDown
 .text.cdcTouchRead
                0x000000000300033e       0x76 /opt/devkitpro/libnds/lib/libnds7.a(codec.twl.o)
                0x000000000300033e                cdcTouchRead
 .text.twlEnableSlot1
                0x00000000030003b4       0x58 /opt/devkitpro/libnds/lib/libnds7.a(card.twl.o)
                0x00000000030003b4                twlEnableSlot1
 .text.twlDisableSlot1
                0x000000000300040c       0x4c /opt/devkitpro/libnds/lib/libnds7.a(card.twl.o)
                0x000000000300040c                twlDisableSlot1
 .text.i2cWaitBusy
                0x0000000003000458       0x10 /opt/devkitpro/libnds/lib/libnds7.a(i2c.twl.o)
 .text.i2cDelay
                0x0000000003000468       0x18 /opt/devkitpro/libnds/lib/libnds7.a(i2c.twl.o)
                0x0000000003000468                i2cDelay
 .text.i2cStop  0x0000000003000480       0x40 /opt/devkitpro/libnds/lib/libnds7.a(i2c.twl.o)
                0x0000000003000480                i2cStop
 .text.i2cGetResult
                0x00000000030004c0       0x18 /opt/devkitpro/libnds/lib/libnds7.a(i2c.twl.o)
                0x00000000030004c0                i2cGetResult
 .text.i2cSetDelay
                0x00000000030004d8       0x14 /opt/devkitpro/libnds/lib/libnds7.a(i2c.twl.o)
                0x00000000030004d8                i2cSetDelay
 .text.i2cSelectDevice
                0x00000000030004ec       0x24 /opt/devkitpro/libnds/lib/libnds7.a(i2c.twl.o)
                0x00000000030004ec                i2cSelectDevice
 .text.i2cSelectRegister
                0x0000000003000510       0x24 /opt/devkitpro/libnds/lib/libnds7.a(i2c.twl.o)
                0x0000000003000510                i2cSelectRegister
 .text.i2cWriteRegister
                0x0000000003000534       0x5c /opt/devkitpro/libnds/lib/libnds7.a(i2c.twl.o)
                0x0000000003000534                i2cWriteRegister
 .text.i2cReadRegister
                0x0000000003000590       0x64 /opt/devkitpro/libnds/lib/libnds7.a(i2c.twl.o)
                0x0000000003000590                i2cReadRegister
 .text.setckl   0x00000000030005f4       0x34 /opt/devkitpro/libnds/lib/libnds7.a(sdmmc.twl.o)
 .text.calcSDSize
                0x0000000003000628       0x5e /opt/devkitpro/libnds/lib/libnds7.a(sdmmc.twl.o)
 *fill*         0x0000000003000686        0x2 
 .text.setTarget
                0x0000000003000688       0x44 /opt/devkitpro/libnds/lib/libnds7.a(sdmmc.twl.o)
                0x0000000003000688                setTarget
 .text.sdmmc_send_command
                0x00000000030006cc      0x254 /opt/devkitpro/libnds/lib/libnds7.a(sdmmc.twl.o)
                0x00000000030006cc                sdmmc_send_command
 .text.sdmmc_controller_init
                0x0000000003000920      0x13c /opt/devkitpro/libnds/lib/libnds7.a(sdmmc.twl.o)
                0x0000000003000920                sdmmc_controller_init
 .text.sdmmc_sdcard_init
                0x0000000003000a5c      0x184 /opt/devkitpro/libnds/lib/libnds7.a(sdmmc.twl.o)
                0x0000000003000a5c                sdmmc_sdcard_init
 .text.sdmmc_nand_init
                0x0000000003000be0      0x12c /opt/devkitpro/libnds/lib/libnds7.a(sdmmc.twl.o)
                0x0000000003000be0                sdmmc_nand_init
 .text.sdmmc_readsectors
                0x0000000003000d0c       0x70 /opt/devkitpro/libnds/lib/libnds7.a(sdmmc.twl.o)
                0x0000000003000d0c                sdmmc_readsectors
 .text.sdmmc_writesectors
                0x0000000003000d7c       0x70 /opt/devkitpro/libnds/lib/libnds7.a(sdmmc.twl.o)
                0x0000000003000d7c                sdmmc_writesectors
 .text.sdmmcMsgHandler
                0x0000000003000dec       0x68 /opt/devkitpro/libnds/lib/libnds7.a(sdmmc.twl.o)
                0x0000000003000dec                sdmmcMsgHandler
 .text.sdmmc_nand_startup
                0x0000000003000e54       0x12 /opt/devkitpro/libnds/lib/libnds7.a(sdmmc.twl.o)
                0x0000000003000e54                sdmmc_nand_startup
 .text.sdmmc_sd_startup
                0x0000000003000e66       0x12 /opt/devkitpro/libnds/lib/libnds7.a(sdmmc.twl.o)
                0x0000000003000e66                sdmmc_sd_startup
 .text.sdmmcValueHandler
                0x0000000003000e78       0x68 /opt/devkitpro/libnds/lib/libnds7.a(sdmmc.twl.o)
                0x0000000003000e78                sdmmcValueHandler
 .text.sdmmcValueHandler.__stub
                0x0000000003000ee0       0x8c linker stubs
 *.twl*(.rodata)
 *.twl*(.roda)
 *.twl*(.rodata.*)
 *.twl*(.data)
 *.twl*(.data.*)
 .data.curBank.0
                0x0000000003000f70        0x1 /opt/devkitpro/libnds/lib/libnds7.a(codec.twl.o)
 *.twl*(.gnu.linkonce.d*)
                0x0000000003000f74                . = ALIGN (0x4)
 *fill*         0x0000000003000f71        0x3 
                0x0000000003000f74                __arm7i_end__ = .

.twl_bss        0x0000000003000f74      0x14c
                0x0000000003000f74                __twl_bss_start__ = .
 *(.twl_bss)
 .twl_bss       0x0000000003000f74       0xcc /opt/devkitpro/libnds/lib/libnds7.a(interrupts.o)
                0x0000000003000f78                irqTableAUX
 *.twl.*(.dynbss)
 *.twl.*(.gnu.linkonce.b*)
 *.twl.*(.bss*)
 .bss.i2cCurrentDelay
                0x0000000003001040        0x4 /opt/devkitpro/libnds/lib/libnds7.a(i2c.twl.o)
 .bss.deviceNAND
                0x0000000003001044       0x3c /opt/devkitpro/libnds/lib/libnds7.a(sdmmc.twl.o)
 .bss.deviceSD  0x0000000003001080       0x3c /opt/devkitpro/libnds/lib/libnds7.a(sdmmc.twl.o)
 .bss.sdmmc_controller_initialised
                0x00000000030010bc        0x1 /opt/devkitpro/libnds/lib/libnds7.a(sdmmc.twl.o)
 *.twl.*(COMMON)
                0x00000000030010c0                . = ALIGN (0x4)
 *fill*         0x00000000030010bd        0x3 
                0x00000000030010c0                __twl_bss_end__ = .

.crt0           0x0000000002380000      0x1c8
 *(.crt0)
 .crt0          0x0000000002380000      0x1c8 /opt/devkitpro/devkitARM/lib/gcc/arm-none-eabi/10.1.0/../../../../arm-none-eabi/lib/thumb/ds_arm7_crt0.o
                0x0000000002380000                _start
                0x00000000023801c8                . = ALIGN (0x4)

.text           0x00000000037f8000     0xa300 load address 0x00000000023801c8
                0x00000000023801c8                __arm7_lma__ = LOADADDR (.text)
                0x00000000037f8000                __arm7_start__ = .
 *(SORT_NONE(.init))
 .init          0x00000000037f8000        0x4 /opt/devkitpro/devkitARM/lib/gcc/arm-none-eabi/10.1.0/thumb/crti.o
                0x00000000037f8000                _init
 .init          0x00000000037f8004        0x8 /opt/devkitpro/devkitARM/lib/gcc/arm-none-eabi/10.1.0/thumb/crtn.o
 *(.plt)
 *(.text .stub .text.* .gnu.linkonce.t.*)
 .text.deregister_tm_clones
                0x00000000037f800c       0x2c /opt/devkitpro/devkitARM/lib/gcc/arm-none-eabi/10.1.0/thumb/crtbegin.o
 .text.register_tm_clones
                0x00000000037f8038       0x34 /opt/devkitpro/devkitARM/lib/gcc/arm-none-eabi/10.1.0/thumb/crtbegin.o
 .text.__do_global_dtors_aux
                0x00000000037f806c       0x30 /opt/devkitpro/devkitARM/lib/gcc/arm-none-eabi/10.1.0/thumb/crtbegin.o
 .text.frame_dummy
                0x00000000037f809c       0x28 /opt/devkitpro/devkitARM/lib/gcc/arm-none-eabi/10.1.0/thumb/crtbegin.o
 .text.soundeDataHandler
                0x00000000037f80c4       0xa0 audio.o
                0x00000000037f80c4                soundeDataHandler
 .text.enableSound
                0x00000000037f8164       0x40 audio.o
                0x00000000037f8164                enableSound
 .text.disableSound
                0x00000000037f81a4       0x3c audio.o
                0x00000000037f81a4                disableSound
 .text.soundeCommandHandler
                0x00000000037f81e0      0x110 audio.o
                0x00000000037f81e0                soundeCommandHandler
 .text.installSoundeFIFO
                0x00000000037f82f0       0x24 audio.o
                0x00000000037f82f0                installSoundeFIFO
 .text.powerButtonCB
                0x00000000037f8314        0xc main.o
                0x00000000037f8314                powerButtonCB
 .text.VblankHandler
                0x00000000037f8320        0xc main.o
                0x00000000037f8320                VblankHandler
 .text.VcountHandler
                0x00000000037f832c        0xc main.o
                0x00000000037f832c                VcountHandler
 .text.startup.main
                0x00000000037f8338       0xec main.o
                0x00000000037f8338                main
 .text.arm7_synctoarm9
                0x00000000037f8424       0x18 /opt/devkitpro/libnds/lib/libdswifi7.a(wifi_arm7.o)
 .text.InitFlashData
                0x00000000037f843c       0x20 /opt/devkitpro/libnds/lib/libdswifi7.a(wifi_arm7.o)
                0x00000000037f843c                InitFlashData
 .text.ReadFlashBytes
                0x00000000037f845c       0x54 /opt/devkitpro/libnds/lib/libdswifi7.a(wifi_arm7.o)
                0x00000000037f845c                ReadFlashBytes
 .text.ReadFlashHWord
                0x00000000037f84b0       0x1c /opt/devkitpro/libnds/lib/libdswifi7.a(wifi_arm7.o)
                0x00000000037f84b0                ReadFlashHWord
 .text.crc16_slow
                0x00000000037f84cc       0x54 /opt/devkitpro/libnds/lib/libdswifi7.a(wifi_arm7.o)
                0x00000000037f84cc                crc16_slow
 .text.GetWfcSettings
                0x00000000037f8520      0x1b4 /opt/devkitpro/libnds/lib/libdswifi7.a(wifi_arm7.o)
                0x00000000037f8520                GetWfcSettings
 .text.Wifi_BBRead
                0x00000000037f86d4       0x3c /opt/devkitpro/libnds/lib/libdswifi7.a(wifi_arm7.o)
                0x00000000037f86d4                Wifi_BBRead
 .text.Wifi_BBWrite
                0x00000000037f8710       0x70 /opt/devkitpro/libnds/lib/libdswifi7.a(wifi_arm7.o)
                0x00000000037f8710                Wifi_BBWrite
 .text.Wifi_RFWrite
                0x00000000037f8780       0x3c /opt/devkitpro/libnds/lib/libdswifi7.a(wifi_arm7.o)
                0x00000000037f8780                Wifi_RFWrite
 .text.PowerChip_ReadWrite
                0x00000000037f87bc       0x78 /opt/devkitpro/libnds/lib/libdswifi7.a(wifi_arm7.o)
                0x00000000037f87bc                PowerChip_ReadWrite
 .text.SetLedState
                0x00000000037f8834       0x48 /opt/devkitpro/libnds/lib/libdswifi7.a(wifi_arm7.o)
                0x00000000037f8834                SetLedState
 .text.ProxySetLedState
                0x00000000037f887c       0x1c /opt/devkitpro/libnds/lib/libdswifi7.a(wifi_arm7.o)
                0x00000000037f887c                ProxySetLedState
 .text.Wifi_RFInit
                0x00000000037f8898      0x11c /opt/devkitpro/libnds/lib/libdswifi7.a(wifi_arm7.o)
                0x00000000037f8898                Wifi_RFInit
 .text.Wifi_BBInit
                0x00000000037f89b4       0x40 /opt/devkitpro/libnds/lib/libdswifi7.a(wifi_arm7.o)
                0x00000000037f89b4                Wifi_BBInit
 .text.Wifi_MacInit
                0x00000000037f89f4       0x3c /opt/devkitpro/libnds/lib/libdswifi7.a(wifi_arm7.o)
                0x00000000037f89f4                Wifi_MacInit
 .text.Wifi_RxSetup
                0x00000000037f8a30       0x58 /opt/devkitpro/libnds/lib/libdswifi7.a(wifi_arm7.o)
                0x00000000037f8a30                Wifi_RxSetup
 .text.Wifi_WakeUp
                0x00000000037f8a88       0x64 /opt/devkitpro/libnds/lib/libdswifi7.a(wifi_arm7.o)
                0x00000000037f8a88                Wifi_WakeUp
 .text.Wifi_Shutdown
                0x00000000037f8aec       0x5c /opt/devkitpro/libnds/lib/libdswifi7.a(wifi_arm7.o)
                0x00000000037f8aec                Wifi_Shutdown
 .text.Wifi_CmpMacAddr
                0x00000000037f8b48       0x40 /opt/devkitpro/libnds/lib/libdswifi7.a(wifi_arm7.o)
                0x00000000037f8b48                Wifi_CmpMacAddr
 .text.Wifi_MACRead
                0x00000000037f8b88       0x48 /opt/devkitpro/libnds/lib/libdswifi7.a(wifi_arm7.o)
                0x00000000037f8b88                Wifi_MACRead
 .text.Wifi_MACCopy
                0x00000000037f8bd0       0x84 /opt/devkitpro/libnds/lib/libdswifi7.a(wifi_arm7.o)
                0x00000000037f8bd0                Wifi_MACCopy
 .text.Wifi_MACWrite
                0x00000000037f8c54       0x8c /opt/devkitpro/libnds/lib/libdswifi7.a(wifi_arm7.o)
                0x00000000037f8c54                Wifi_MACWrite
 .text.Wifi_QueueRxMacData
                0x00000000037f8ce0      0x104 /opt/devkitpro/libnds/lib/libdswifi7.a(wifi_arm7.o)
                0x00000000037f8ce0                Wifi_QueueRxMacData
 .text.Wifi_CheckTxBuf
                0x00000000037f8de4       0x34 /opt/devkitpro/libnds/lib/libdswifi7.a(wifi_arm7.o)
                0x00000000037f8de4                Wifi_CheckTxBuf
 .text.Wifi_CopyFirstTxData
                0x00000000037f8e18       0xec /opt/devkitpro/libnds/lib/libdswifi7.a(wifi_arm7.o)
                0x00000000037f8e18                Wifi_CopyFirstTxData
 .text.Wifi_TxRaw
                0x00000000037f8f04       0x7c /opt/devkitpro/libnds/lib/libdswifi7.a(wifi_arm7.o)
                0x00000000037f8f04                Wifi_TxRaw
 .text.Wifi_TxCheck
                0x00000000037f8f80       0x18 /opt/devkitpro/libnds/lib/libdswifi7.a(wifi_arm7.o)
                0x00000000037f8f80                Wifi_TxCheck
 .text.Wifi_LoadBeacon
                0x00000000037f8f98      0x11c /opt/devkitpro/libnds/lib/libdswifi7.a(wifi_arm7.o)
                0x00000000037f8f98                Wifi_LoadBeacon
 .text.Wifi_SetBeaconChannel
                0x00000000037f90b4       0x6c /opt/devkitpro/libnds/lib/libdswifi7.a(wifi_arm7.o)
                0x00000000037f90b4                Wifi_SetBeaconChannel
 .text.Wifi_SetChannel.part.6
                0x00000000037f9120      0x1ac /opt/devkitpro/libnds/lib/libdswifi7.a(wifi_arm7.o)
 .text.Wifi_Intr_CntOverflow
                0x00000000037f92cc       0x64 /opt/devkitpro/libnds/lib/libdswifi7.a(wifi_arm7.o)
                0x00000000037f92cc                Wifi_Intr_CntOverflow
 .text.Wifi_Intr_TxEnd
                0x00000000037f9330      0x170 /opt/devkitpro/libnds/lib/libdswifi7.a(wifi_arm7.o)
                0x00000000037f9330                Wifi_Intr_TxEnd
 .text.Wifi_Stop
                0x00000000037f94a0       0x60 /opt/devkitpro/libnds/lib/libdswifi7.a(wifi_arm7.o)
                0x00000000037f94a0                Wifi_Stop
 .text.Wifi_Init
                0x00000000037f9500      0x1f0 /opt/devkitpro/libnds/lib/libdswifi7.a(wifi_arm7.o)
                0x00000000037f9500                Wifi_Init
 .text.wifiAddressHandler
                0x00000000037f96f0       0x1c /opt/devkitpro/libnds/lib/libdswifi7.a(wifi_arm7.o)
 .text.Wifi_SetChannel
                0x00000000037f970c       0x10 /opt/devkitpro/libnds/lib/libdswifi7.a(wifi_arm7.o)
                0x00000000037f970c                Wifi_SetChannel
 .text.Wifi_SetWepKey
                0x00000000037f971c       0x3c /opt/devkitpro/libnds/lib/libdswifi7.a(wifi_arm7.o)
                0x00000000037f971c                Wifi_SetWepKey
 .text.Wifi_SetWepMode
                0x00000000037f9758       0x3c /opt/devkitpro/libnds/lib/libdswifi7.a(wifi_arm7.o)
                0x00000000037f9758                Wifi_SetWepMode
 .text.Wifi_DisableTempPowerSave
                0x00000000037f9794       0x28 /opt/devkitpro/libnds/lib/libdswifi7.a(wifi_arm7.o)
                0x00000000037f9794                Wifi_DisableTempPowerSave
 .text.Wifi_Start
                0x00000000037f97bc      0x124 /opt/devkitpro/libnds/lib/libdswifi7.a(wifi_arm7.o)
                0x00000000037f97bc                Wifi_Start
 .text.Wifi_TxQueue
                0x00000000037f98e0       0xd8 /opt/devkitpro/libnds/lib/libdswifi7.a(wifi_arm7.o)
                0x00000000037f98e0                Wifi_TxQueue
 .text.Wifi_GenMgtHeader
                0x00000000037f99b8       0xd0 /opt/devkitpro/libnds/lib/libdswifi7.a(wifi_arm7.o)
                0x00000000037f99b8                Wifi_GenMgtHeader
 .text.Wifi_SendOpenSystemAuthPacket
                0x00000000037f9a88       0x58 /opt/devkitpro/libnds/lib/libdswifi7.a(wifi_arm7.o)
                0x00000000037f9a88                Wifi_SendOpenSystemAuthPacket
 .text.Wifi_SendSharedKeyAuthPacket
                0x00000000037f9ae0       0x58 /opt/devkitpro/libnds/lib/libdswifi7.a(wifi_arm7.o)
                0x00000000037f9ae0                Wifi_SendSharedKeyAuthPacket
 .text.Wifi_SendSharedKeyAuthPacket2
                0x00000000037f9b38       0xa0 /opt/devkitpro/libnds/lib/libdswifi7.a(wifi_arm7.o)
                0x00000000037f9b38                Wifi_SendSharedKeyAuthPacket2
 .text.Wifi_SendAssocPacket
                0x00000000037f9bd8      0x1c4 /opt/devkitpro/libnds/lib/libdswifi7.a(wifi_arm7.o)
                0x00000000037f9bd8                Wifi_SendAssocPacket
 .text.Wifi_SendNullFrame
                0x00000000037f9d9c       0x80 /opt/devkitpro/libnds/lib/libdswifi7.a(wifi_arm7.o)
                0x00000000037f9d9c                Wifi_SendNullFrame
 .text.Wifi_ProcessReceivedFrame
                0x00000000037f9e1c      0xd18 /opt/devkitpro/libnds/lib/libdswifi7.a(wifi_arm7.o)
                0x00000000037f9e1c                Wifi_ProcessReceivedFrame
 .text.Wifi_Intr_RxEnd
                0x00000000037fab34      0x128 /opt/devkitpro/libnds/lib/libdswifi7.a(wifi_arm7.o)
                0x00000000037fab34                Wifi_Intr_RxEnd
 .text.Wifi_Interrupt
                0x00000000037fac5c      0x138 /opt/devkitpro/libnds/lib/libdswifi7.a(wifi_arm7.o)
                0x00000000037fac5c                Wifi_Interrupt
 .text.Wifi_Update
                0x00000000037fad94      0x580 /opt/devkitpro/libnds/lib/libdswifi7.a(wifi_arm7.o)
                0x00000000037fad94                Wifi_Update
 .text.wifiValue32Handler
                0x00000000037fb314       0x44 /opt/devkitpro/libnds/lib/libdswifi7.a(wifi_arm7.o)
 .text.installWifiFIFO
                0x00000000037fb358       0x58 /opt/devkitpro/libnds/lib/libdswifi7.a(wifi_arm7.o)
                0x00000000037fb358                installWifiFIFO
 .text          0x00000000037fb3b0       0x5c /opt/devkitpro/libnds/lib/libdswifi7.a(spinlock.o)
                0x00000000037fb3b0                SLasm_Acquire
                0x00000000037fb3e4                SLasm_Release
 .text          0x00000000037fb40c      0x1f8 /opt/devkitpro/libnds/lib/libmm7.a(mm_main.o)
                0x00000000037fb40c                mpp_call_r7
                0x00000000037fb40e                mpp_call_r1
                0x00000000037fb410                mpp_call_r2
                0x00000000037fb412                mpp_call_r3
                0x00000000037fb414                mmSetEventHandler
                0x00000000037fb41a                mmLockChannels
                0x00000000037fb4a4                mmUnlockChannels
                0x00000000037fb4b8                mmSuspendIRQ_t
                0x00000000037fb4d4                mmRestoreIRQ_t
                0x00000000037fb4f4                mmIsInitialized
                0x00000000037fb4fa                mmInit7
                0x00000000037fb55c                mmInstall
                0x00000000037fb57c                mmGetSoundBank
                0x00000000037fb588                mmFrame
 .text          0x00000000037fb604      0x328 /opt/devkitpro/libnds/lib/libmm7.a(mm_effect.o)
                0x00000000037fb604                mmResetEffects
                0x00000000037fb630                mmEffect
                0x00000000037fb646                mmEffectEx
                0x00000000037fb758                mmEffectActive
                0x00000000037fb78c                mmEffectVolume
                0x00000000037fb7a8                mmEffectPanning
                0x00000000037fb7bc                mmEffectRate
                0x00000000037fb7d0                mmEffectCancel
                0x00000000037fb80a                mmEffectRelease
                0x00000000037fb830                mmEffectScaleRate
                0x00000000037fb844                mmSetEffectsVolume
                0x00000000037fb852                mmEffectCancelAll
                0x00000000037fb892                mmUpdateEffects
 .text          0x00000000037fb92c      0x648 /opt/devkitpro/libnds/lib/libmm7.a(mm_mas_arm.o)
                0x00000000037fb92c                mmAllocChannel
                0x00000000037fb9a0                mmReadPattern
                0x00000000037fba8c                mmUpdateChannel_T0
                0x00000000037fbccc                mmUpdateChannel_TN
                0x00000000037fbe6c                mmGetPeriod
                0x00000000037fbeb0                note_table_oct
                0x00000000037fbece                note_table_mod
 .text          0x00000000037fbf74     0x1690 /opt/devkitpro/libnds/lib/libmm7.a(mm_mixer_super.o)
                0x00000000037fbff4                mmMixerPre
                0x00000000037fc0c8                mmMixerMix
                0x00000000037fcc14                mmVolumeTable
                0x00000000037fd38a                mmMixerSetSource
                0x00000000037fd3a0                mmMixerSetFreq
                0x00000000037fd3c0                mmMixerMulFreq
                0x00000000037fd3da                mmMixerStopChannel
                0x00000000037fd3e4                mmMixerChannelActive
                0x00000000037fd3ee                mmMixerSetVolume
                0x00000000037fd3f6                mmMixerSetPan
                0x00000000037fd408                mmMixerInit
                0x00000000037fd40a                mmSelectMode
 .text          0x00000000037fd604      0x7ec /opt/devkitpro/libnds/lib/libmm7.a(mm_comms7.o)
                0x00000000037fd604                mmSetupComms
                0x00000000037fd724                mmSendUpdateToARM9
                0x00000000037fd758                mmARM9msg
                0x00000000037fd798                mmProcessComms
 .text          0x00000000037fddf0      0x428 /opt/devkitpro/libnds/lib/libmm7.a(mm_stream.o)
                0x00000000037fddf0                mmStreamOpen
                0x00000000037fded0                mmStreamGetPosition
                0x00000000037fdf0a                mmStreamUpdate
                0x00000000037fe0ec                mmStreamClose
                0x00000000037fe122                mmStreamBegin
                0x00000000037fe1b8                mmStreamEnd
 .text          0x00000000037fe218     0x1b60 /opt/devkitpro/libnds/lib/libmm7.a(mm_mas.o)
                0x00000000037fe268                mm_reset_channels
                0x00000000037fe2be                mmStart
                0x00000000037fe2d2                mmJingle
                0x00000000037fe2d8                mmPlayModule
                0x00000000037fe3a0                mmPause
                0x00000000037fe3bc                mmResume
                0x00000000037fe3cc                mmActive
                0x00000000037fe3d2                mmActiveSub
                0x00000000037fe3d8                mmSetModuleVolume
                0x00000000037fe3e8                mmSetJingleVolume
                0x00000000037fe424                mmGetPosition
                0x00000000037fe42a                mmPosition
                0x00000000037fe444                mmSetModuleTempo
                0x00000000037fe476                mmSetModulePitch
                0x00000000037fe4b8                mmSetResolution
                0x00000000037fe4e8                mmStop
                0x00000000037fe5d0                mmPulse
                0x00000000037fe630                mppProcessTick
                0x00000000037fe7ac                mpp_Channel_NewNote
                0x00000000037fe8b4                mpp_Update_ACHN_notest
                0x00000000037fecb2                mpp_Process_VolumeCommand
                0x00000000037feeea                mpp_Process_Effect
                0x00000000037ff638                ST3_FREQTABLE
                0x00000000037ffa58                IT_PitchTable
 .text          0x00000000037ffd78      0x280 /opt/devkitpro/libnds/lib/libmm7.a(mm_reverb.o)
                0x00000000037ffd78                mmReverbEnable
                0x00000000037ffd96                mmReverbDisable
                0x00000000037ffdda                mmReverbConfigure
                0x00000000037fff3c                mmReverbStart
                0x00000000037fff84                mmReverbStop
 .text.inputGetAndSend
                0x00000000037ffff8       0xb0 /opt/devkitpro/libnds/lib/libnds7.a(input.o)
                0x00000000037ffff8                inputGetAndSend
 .text.enableSlot1
                0x00000000038000a8       0x18 /opt/devkitpro/libnds/lib/libnds7.a(system.o)
                0x00000000038000a8                enableSlot1
 .text.disableSlot1
                0x00000000038000c0       0x18 /opt/devkitpro/libnds/lib/libnds7.a(system.o)
                0x00000000038000c0                disableSlot1
 .text.powerValueHandler
                0x00000000038000d8      0x158 /opt/devkitpro/libnds/lib/libnds7.a(system.o)
                0x00000000038000d8                powerValueHandler
 .text.systemSleep
                0x0000000003800230       0x20 /opt/devkitpro/libnds/lib/libnds7.a(system.o)
                0x0000000003800230                systemSleep
 .text.installSystemFIFO
                0x0000000003800250       0x4c /opt/devkitpro/libnds/lib/libnds7.a(system.o)
                0x0000000003800250                installSystemFIFO
 .text.SerialWaitBusy
                0x000000000380029c       0x10 /opt/devkitpro/libnds/lib/libnds7.a(touch.o)
 .text.cdcIsAvailable
                0x00000000038002ac       0x24 /opt/devkitpro/libnds/lib/libnds7.a(touch.o)
 .text.CheckStylus
                0x00000000038002d0       0x88 /opt/devkitpro/libnds/lib/libnds7.a(touch.o)
 .text.readTouchValue
                0x0000000003800358      0x168 /opt/devkitpro/libnds/lib/libnds7.a(touch.o)
                0x0000000003800358                readTouchValue
 .text.UpdateRange
                0x00000000038004c0       0x6c /opt/devkitpro/libnds/lib/libnds7.a(touch.o)
                0x00000000038004c0                UpdateRange
 .text.touchInit
                0x000000000380052c       0xe0 /opt/devkitpro/libnds/lib/libnds7.a(touch.o)
                0x000000000380052c                touchInit
 .text.touchPenDown
                0x000000000380060c       0x34 /opt/devkitpro/libnds/lib/libnds7.a(touch.o)
                0x000000000380060c                touchPenDown
 .text.touchReadXY
                0x0000000003800640      0x194 /opt/devkitpro/libnds/lib/libnds7.a(touch.o)
                0x0000000003800640                touchReadXY
 .text.syncRTC  0x00000000038007d4       0x20 /opt/devkitpro/libnds/lib/libnds7.a(clock.o)
                0x00000000038007d4                syncRTC
 .text.BCDToInteger
                0x00000000038007f4       0x22 /opt/devkitpro/libnds/lib/libnds7.a(clock.o)
                0x00000000038007f4                BCDToInteger
 *fill*         0x0000000003800816        0x2 
 .text.rtcTransaction
                0x0000000003800818       0xf4 /opt/devkitpro/libnds/lib/libnds7.a(clock.o)
                0x0000000003800818                rtcTransaction
 .text.rtcReset
                0x000000000380090c       0x3e /opt/devkitpro/libnds/lib/libnds7.a(clock.o)
                0x000000000380090c                rtcReset
 .text.rtcGetTimeAndDate
                0x000000000380094a       0x4a /opt/devkitpro/libnds/lib/libnds7.a(clock.o)
                0x000000000380094a                rtcGetTimeAndDate
 .text.resyncClock
                0x0000000003800994       0xdc /opt/devkitpro/libnds/lib/libnds7.a(clock.o)
                0x0000000003800994                resyncClock
 .text.initClockIRQ
                0x0000000003800a70       0x80 /opt/devkitpro/libnds/lib/libnds7.a(clock.o)
                0x0000000003800a70                initClockIRQ
 .text.writePowerManagement
                0x0000000003800af0       0x5c /opt/devkitpro/libnds/lib/libnds7.a(spi.o)
                0x0000000003800af0                writePowerManagement
 .text.ledBlink
                0x0000000003800b4c       0x22 /opt/devkitpro/libnds/lib/libnds7.a(spi.o)
                0x0000000003800b4c                ledBlink
 *fill*         0x0000000003800b6e        0x2 
 .text.SerialWaitBusy
                0x0000000003800b70       0x10 /opt/devkitpro/libnds/lib/libnds7.a(firmware.o)
 .text.readwriteSPI.isra.0
                0x0000000003800b80       0x18 /opt/devkitpro/libnds/lib/libnds7.a(firmware.o)
 .text.readFirmware
                0x0000000003800b98       0x74 /opt/devkitpro/libnds/lib/libnds7.a(firmware.o)
                0x0000000003800b98                readFirmware
 .text.writeFirmware
                0x0000000003800c0c      0x134 /opt/devkitpro/libnds/lib/libnds7.a(firmware.o)
                0x0000000003800c0c                writeFirmware
 .text.firmwareMsgHandler
                0x0000000003800d40       0x48 /opt/devkitpro/libnds/lib/libnds7.a(firmware.o)
                0x0000000003800d40                firmwareMsgHandler
 .text.readUserSettings
                0x0000000003800d88       0xcc /opt/devkitpro/libnds/lib/libnds7.a(userSettings.o)
                0x0000000003800d88                readUserSettings
 .text.irqDummy
                0x0000000003800e54        0x2 /opt/devkitpro/libnds/lib/libnds7.a(interrupts.o)
                0x0000000003800e54                irqDummy
 *fill*         0x0000000003800e56        0x2 
 .text.__irqClear
                0x0000000003800e58       0x1c /opt/devkitpro/libnds/lib/libnds7.a(interrupts.o)
 .text.__irqSet.part.0
                0x0000000003800e74       0x22 /opt/devkitpro/libnds/lib/libnds7.a(interrupts.o)
 *fill*         0x0000000003800e96        0x2 
 .text.setPowerButtonCB
                0x0000000003800e98       0x1c /opt/devkitpro/libnds/lib/libnds7.a(interrupts.o)
                0x0000000003800e98                setPowerButtonCB
 .text.irqSet   0x0000000003800eb4       0x5c /opt/devkitpro/libnds/lib/libnds7.a(interrupts.o)
                0x0000000003800eb4                irqSet
 .text.irqInitHandler
                0x0000000003800f10       0x44 /opt/devkitpro/libnds/lib/libnds7.a(interrupts.o)
                0x0000000003800f10                irqInitHandler
 .text.irqEnable
                0x0000000003800f54       0x64 /opt/devkitpro/libnds/lib/libnds7.a(interrupts.o)
                0x0000000003800f54                irqEnable
 .text.irqDisable
                0x0000000003800fb8       0x68 /opt/devkitpro/libnds/lib/libnds7.a(interrupts.o)
                0x0000000003800fb8                irqDisable
 .text.irqInit  0x0000000003801020       0x58 /opt/devkitpro/libnds/lib/libnds7.a(interrupts.o)
                0x0000000003801020                irqInit
 .text.systemErrorExit
                0x0000000003801078        0x4 /opt/devkitpro/libnds/lib/libnds7.a(libnds_exit.arm.o)
                0x0000000003801078                systemErrorExit
 .text.__libnds_exit
                0x000000000380107c       0x54 /opt/devkitpro/libnds/lib/libnds7.a(libnds_exit.arm.o)
                0x000000000380107c                __libnds_exit
 .text.IPC_SendSync
                0x00000000038010d0       0x24 /opt/devkitpro/libnds/lib/libnds7.a(fifosystem.o)
 .text.fifo_allocBlock
                0x00000000038010f4       0x40 /opt/devkitpro/libnds/lib/libnds7.a(fifosystem.o)
 .text.fifo_freeBlock
                0x0000000003801134       0x30 /opt/devkitpro/libnds/lib/libnds7.a(fifosystem.o)
 .text.__timeoutvbl
                0x0000000003801164       0x10 /opt/devkitpro/libnds/lib/libnds7.a(fifosystem.o)
 .text.fifo_waitBlock
                0x0000000003801174       0x40 /opt/devkitpro/libnds/lib/libnds7.a(fifosystem.o)
 .text.fifo_queueBlock
                0x00000000038011b4       0x44 /opt/devkitpro/libnds/lib/libnds7.a(fifosystem.o)
 .text.fifoInternalSendInterrupt
                0x00000000038011f8       0x64 /opt/devkitpro/libnds/lib/libnds7.a(fifosystem.o)
 .text.fifoInternalSend
                0x000000000380125c       0xdc /opt/devkitpro/libnds/lib/libnds7.a(fifosystem.o)
 .text.fifoSendValue32
                0x0000000003801338       0x38 /opt/devkitpro/libnds/lib/libnds7.a(fifosystem.o)
                0x0000000003801338                fifoSendValue32
 .text.fifoSendDatamsg
                0x0000000003801370       0x70 /opt/devkitpro/libnds/lib/libnds7.a(fifosystem.o)
                0x0000000003801370                fifoSendDatamsg
 .text.fifoGetAddress
                0x00000000038013e0       0x4c /opt/devkitpro/libnds/lib/libnds7.a(fifosystem.o)
                0x00000000038013e0                fifoGetAddress
 .text.fifoGetValue32
                0x000000000380142c       0x4c /opt/devkitpro/libnds/lib/libnds7.a(fifosystem.o)
                0x000000000380142c                fifoGetValue32
 .text.fifoGetDatamsg
                0x0000000003801478       0xc0 /opt/devkitpro/libnds/lib/libnds7.a(fifosystem.o)
                0x0000000003801478                fifoGetDatamsg
 .text.fifoInternalRecvInterrupt
                0x0000000003801538      0x2bc /opt/devkitpro/libnds/lib/libnds7.a(fifosystem.o)
 .text.fifoCheckAddress
                0x00000000038017f4       0x20 /opt/devkitpro/libnds/lib/libnds7.a(fifosystem.o)
                0x00000000038017f4                fifoCheckAddress
 .text.fifoSetAddressHandler
                0x0000000003801814       0x5c /opt/devkitpro/libnds/lib/libnds7.a(fifosystem.o)
                0x0000000003801814                fifoSetAddressHandler
 .text.fifoCheckDatamsg
                0x0000000003801870       0x20 /opt/devkitpro/libnds/lib/libnds7.a(fifosystem.o)
                0x0000000003801870                fifoCheckDatamsg
 .text.fifoSetDatamsgHandler
                0x0000000003801890       0x88 /opt/devkitpro/libnds/lib/libnds7.a(fifosystem.o)
                0x0000000003801890                fifoSetDatamsgHandler
 .text.fifoCheckValue32
                0x0000000003801918       0x20 /opt/devkitpro/libnds/lib/libnds7.a(fifosystem.o)
                0x0000000003801918                fifoCheckValue32
 .text.fifoSetValue32Handler
                0x0000000003801938       0x5c /opt/devkitpro/libnds/lib/libnds7.a(fifosystem.o)
                0x0000000003801938                fifoSetValue32Handler
 .text.fifoInit
                0x0000000003801994      0x158 /opt/devkitpro/libnds/lib/libnds7.a(fifosystem.o)
                0x0000000003801994                fifoInit
 .text.swiWaitForVBlank
                0x0000000003801aec       0x10 /opt/devkitpro/libnds/lib/libnds7.a(intrwait.o)
                0x0000000003801aec                swiWaitForVBlank
 .text.swiIntrWait
                0x0000000003801afc       0x44 /opt/devkitpro/libnds/lib/libnds7.a(intrwait.o)
                0x0000000003801afc                swiIntrWait
 .text          0x0000000003801b40       0xec /opt/devkitpro/libnds/lib/libnds7.a(interruptDispatcher.o)
                0x0000000003801b40                IntrMain
 .text.swiDelay
                0x0000000003801c2c        0x4 /opt/devkitpro/libnds/lib/libnds7.a(biosCalls.o)
                0x0000000003801c2c                swiDelay
 .text.swiSleep
                0x0000000003801c30        0x4 /opt/devkitpro/libnds/lib/libnds7.a(biosCalls.o)
                0x0000000003801c30                swiSleep
 .text.swiChangeSoundBias
                0x0000000003801c34        0x4 /opt/devkitpro/libnds/lib/libnds7.a(biosCalls.o)
                0x0000000003801c34                swiChangeSoundBias
 .text.swiCRC16
                0x0000000003801c38        0x4 /opt/devkitpro/libnds/lib/libnds7.a(biosCalls.o)
                0x0000000003801c38                swiCRC16
 .text.swiSoftReset
                0x0000000003801c3c       0x10 /opt/devkitpro/libnds/lib/libnds7.a(swiSoftReset.o)
                0x0000000003801c3c                swiSoftReset
 .text.systemShutDown
                0x0000000003801c4c       0x30 /opt/devkitpro/libnds/lib/libnds7.a(systemShutDown.o)
                0x0000000003801c4c                systemShutDown
 .text          0x0000000003801c7c       0x14 /opt/devkitpro/devkitARM/lib/gcc/arm-none-eabi/10.1.0/thumb/libgcc.a(_thumb1_case_uqi.o)
                0x0000000003801c7c                __gnu_thumb1_case_uqi
 .text          0x0000000003801c90      0x11c /opt/devkitpro/devkitARM/lib/gcc/arm-none-eabi/10.1.0/thumb/libgcc.a(_udivsi3.o)
                0x0000000003801c90                __udivsi3
                0x0000000003801c90                __aeabi_uidiv
                0x0000000003801d8c                __aeabi_uidivmod
 .text          0x0000000003801dac      0x150 /opt/devkitpro/devkitARM/lib/gcc/arm-none-eabi/10.1.0/thumb/libgcc.a(_divsi3.o)
                0x0000000003801dac                __aeabi_idiv
                0x0000000003801dac                __divsi3
                0x0000000003801edc                __aeabi_idivmod
 .text          0x0000000003801efc        0x4 /opt/devkitpro/devkitARM/lib/gcc/arm-none-eabi/10.1.0/thumb/libgcc.a(_dvmd_tls.o)
                0x0000000003801efc                __aeabi_ldiv0
                0x0000000003801efc                __aeabi_idiv0
 .text          0x0000000003801f00       0x3c /opt/devkitpro/devkitARM/lib/gcc/arm-none-eabi/10.1.0/thumb/libgcc.a(_call_via_rX.o)
                0x0000000003801f00                _call_via_r0
                0x0000000003801f04                _call_via_r1
                0x0000000003801f08                _call_via_r2
                0x0000000003801f0c                _call_via_r3
                0x0000000003801f10                _call_via_r4
                0x0000000003801f14                _call_via_r5
                0x0000000003801f18                _call_via_r6
                0x0000000003801f1c                _call_via_r7
                0x0000000003801f20                _call_via_r8
                0x0000000003801f24                _call_via_r9
                0x0000000003801f28                _call_via_sl
                0x0000000003801f2c                _call_via_fp
                0x0000000003801f30                _call_via_ip
                0x0000000003801f34                _call_via_sp
                0x0000000003801f38                _call_via_lr
 .text.__libc_init_array
                0x0000000003801f3c       0x50 /opt/devkitpro/devkitARM/lib/gcc/arm-none-eabi/10.1.0/../../../../arm-none-eabi/lib/thumb/libg.a(lib_a-init.o)
                0x0000000003801f3c                __libc_init_array
 .text.memcmp   0x0000000003801f8c       0x4c /opt/devkitpro/devkitARM/lib/gcc/arm-none-eabi/10.1.0/../../../../arm-none-eabi/lib/thumb/libg.a(lib_a-memcmp.o)
                0x0000000003801f8c                memcmp
 .text.memcpy   0x0000000003801fd8       0xa8 /opt/devkitpro/devkitARM/lib/gcc/arm-none-eabi/10.1.0/../../../../arm-none-eabi/lib/thumb/libg.a(lib_a-memcpy-stub.o)
                0x0000000003801fd8                memcpy
 .text.memset   0x0000000003802080       0xb0 /opt/devkitpro/devkitARM/lib/gcc/arm-none-eabi/10.1.0/../../../../arm-none-eabi/lib/thumb/libg.a(lib_a-memset.o)
                0x0000000003802080                memset
 .text.memset.__stub
                0x0000000003802130      0x198 linker stubs
 *(.text.*personality*)
 *(.gnu.warning)
 *(.glue_7t)
 .glue_7t       0x0000000003802300        0x0 linker stubs
 *(.glue_7)
 .glue_7        0x0000000003802300        0x0 linker stubs
 *(.vfp11_veneer)
 .vfp11_veneer  0x0000000003802300        0x0 linker stubs
                0x0000000003802300                . = ALIGN (0x4)

.v4_bx          0x0000000003802300        0x0 load address 0x000000000238a4c8
 .v4_bx         0x0000000003802300        0x0 linker stubs

.iplt           0x0000000003802300        0x0 load address 0x000000000238a4c8
 .iplt          0x0000000003802300        0x0 /opt/devkitpro/devkitARM/lib/gcc/arm-none-eabi/10.1.0/../../../../arm-none-eabi/lib/thumb/ds_arm7_crt0.o

.fini           0x0000000003802300        0xc load address 0x000000000238a4c8
 *(.fini)
 .fini          0x0000000003802300        0x4 /opt/devkitpro/devkitARM/lib/gcc/arm-none-eabi/10.1.0/thumb/crti.o
                0x0000000003802300                _fini
 .fini          0x0000000003802304        0x8 /opt/devkitpro/devkitARM/lib/gcc/arm-none-eabi/10.1.0/thumb/crtn.o

.rodata         0x000000000380230c       0x30 load address 0x000000000238a4d4
 *(.rodata)
 *all.rodata*(*)
 *(.roda)
 *(.rodata.*)
 .rodata.scanlist
                0x000000000380230c       0x13 /opt/devkitpro/libnds/lib/libdswifi7.a(wifi_arm7.o)
 *fill*         0x000000000380231f        0x1 
 .rodata.ydays  0x0000000003802320       0x1a /opt/devkitpro/libnds/lib/libnds7.a(clock.o)
 *(.gnu.linkonce.r*)
                0x000000000380233c                . = ALIGN (0x4)
 *fill*         0x000000000380233a        0x2 

.ARM.extab
 *(.ARM.extab* .gnu.linkonce.armextab.*)

.ARM.exidx      0x000000000380233c        0x0 load address 0x000000000238a504
                0x000000000380233c                __exidx_start = .
 *(.ARM.exidx* .gnu.linkonce.armexidx.*)
                0x000000000380233c                __exidx_end = .

.preinit_array  0x000000000380233c        0x0 load address 0x000000000238a504
                0x000000000380233c                . = ALIGN (0x4)
                0x000000000380233c                PROVIDE (__preinit_array_start = .)
 *(.preinit_array)
                0x000000000380233c                PROVIDE (__preinit_array_end = .)

.init_array     0x000000000380233c        0x4 load address 0x000000000238a504
                0x000000000380233c                PROVIDE (__init_array_start = .)
 *(.init_array)
 .init_array    0x000000000380233c        0x4 /opt/devkitpro/devkitARM/lib/gcc/arm-none-eabi/10.1.0/thumb/crtbegin.o
                0x0000000003802340                PROVIDE (__init_array_end = .)

.fini_array     0x0000000003802340        0x4 load address 0x000000000238a508
                [!provide]                        PROVIDE (__fini_array_start = .)
 *(.fini_array)
 .fini_array    0x0000000003802340        0x4 /opt/devkitpro/devkitARM/lib/gcc/arm-none-eabi/10.1.0/thumb/crtbegin.o
                [!provide]                        PROVIDE (__fini_array_end = .)

.ctors          0x0000000003802344        0x0 load address 0x000000000238a50c
 *crtbegin.o(.ctors)
 *(EXCLUDE_FILE(*crtend.o) .ctors)
 *(SORT_BY_NAME(.ctors.*))
 *(.ctors)
                0x0000000003802344                . = ALIGN (0x4)

.dtors          0x0000000003802344        0x0 load address 0x000000000238a50c
 *crtbegin.o(.dtors)
 *(EXCLUDE_FILE(*crtend.o) .dtors)
 *(SORT_BY_NAME(.dtors.*))
 *(.dtors)
                0x0000000003802344                . = ALIGN (0x4)

.eh_frame       0x0000000003802344        0x4 load address 0x000000000238a50c
 *(.eh_frame)
 .eh_frame      0x0000000003802344        0x0 /opt/devkitpro/devkitARM/lib/gcc/arm-none-eabi/10.1.0/thumb/crtbegin.o
 .eh_frame      0x0000000003802344        0x4 /opt/devkitpro/devkitARM/lib/gcc/arm-none-eabi/10.1.0/thumb/crtend.o
                0x0000000003802348                . = ALIGN (0x4)

.rel.dyn        0x0000000003802348        0x0 load address 0x000000000238a510
 .rel.iplt      0x0000000003802348        0x0 /opt/devkitpro/devkitARM/lib/gcc/arm-none-eabi/10.1.0/../../../../arm-none-eabi/lib/thumb/ds_arm7_crt0.o

.gcc_except_table
                0x0000000003802348        0x0 load address 0x000000000238a510
 *(.gcc_except_table)
                0x0000000003802348                . = ALIGN (0x4)

.jcr
 *(.jcr)

.got
 *(.got.plt)
 *(.got)

.data           0x0000000003802348      0x128 load address 0x000000000238a510
                0x0000000003802348                __data_start = ABSOLUTE (.)
 *(.data)
 *(.data.*)
 .data.MAC_Reglist
                0x0000000003802348       0x58 /opt/devkitpro/libnds/lib/libdswifi7.a(wifi_arm7.o)
                0x0000000003802348                MAC_Reglist
 .data.MAC_Vallist
                0x00000000038023a0       0x58 /opt/devkitpro/libnds/lib/libdswifi7.a(wifi_arm7.o)
                0x00000000038023a0                MAC_Vallist
 .data.RF_Reglist
                0x00000000038023f8       0x40 /opt/devkitpro/libnds/lib/libdswifi7.a(wifi_arm7.o)
                0x00000000038023f8                RF_Reglist
 .data.count_ofs_list
                0x0000000003802438       0x24 /opt/devkitpro/libnds/lib/libdswifi7.a(wifi_arm7.o)
                0x0000000003802438                count_ofs_list
 .data.sleepIsEnabled
                0x000000000380245c        0x1 /opt/devkitpro/libnds/lib/libnds7.a(system.o)
                0x000000000380245c                sleepIsEnabled
 .data.range    0x000000000380245d        0x1 /opt/devkitpro/libnds/lib/libnds7.a(touch.o)
 .data.fifo_buffer_free
                0x000000000380245e        0x4 /opt/devkitpro/libnds/lib/libnds7.a(fifosystem.o)
                0x000000000380245e                fifo_buffer_free
 *fill*         0x0000000003802462        0x2 
 .data.fifo_freewords
                0x0000000003802464        0x4 /opt/devkitpro/libnds/lib/libnds7.a(fifosystem.o)
                0x0000000003802464                fifo_freewords
 .data.fifo_receive_queue
                0x0000000003802468        0x4 /opt/devkitpro/libnds/lib/libnds7.a(fifosystem.o)
                0x0000000003802468                fifo_receive_queue
 .data.fifo_send_queue
                0x000000000380246c        0x4 /opt/devkitpro/libnds/lib/libnds7.a(fifosystem.o)
                0x000000000380246c                fifo_send_queue
 *(.gnu.linkonce.d*)
                0x0000000003802470                . = ALIGN (0x4)
                0x0000000003802470                __data_end = ABSOLUTE (.)

.igot.plt       0x0000000003802470        0x0 load address 0x000000000238a638
 .igot.plt      0x0000000003802470        0x0 /opt/devkitpro/devkitARM/lib/gcc/arm-none-eabi/10.1.0/../../../../arm-none-eabi/lib/thumb/ds_arm7_crt0.o

.tm_clone_table
                0x0000000003802470        0x0 load address 0x000000000238a638
 .tm_clone_table
                0x0000000003802470        0x0 /opt/devkitpro/devkitARM/lib/gcc/arm-none-eabi/10.1.0/thumb/crtbegin.o
 .tm_clone_table
                0x0000000003802470        0x0 /opt/devkitpro/devkitARM/lib/gcc/arm-none-eabi/10.1.0/thumb/crtend.o

.bss            0x0000000003802470     0x4420
                0x0000000003802470                __arm7_end__ = .
                0x0000000003802470                __bss_start = ABSOLUTE (.)
                0x0000000003802470                __bss_start__ = ABSOLUTE (.)
 *(.dynbss)
 *(.gnu.linkonce.b*)
 *(.bss*)
 .bss.completed.1
                0x0000000003802470        0x1 /opt/devkitpro/devkitARM/lib/gcc/arm-none-eabi/10.1.0/thumb/crtbegin.o
 *fill*         0x0000000003802471        0x3 
 .bss.object.0  0x0000000003802474       0x18 /opt/devkitpro/devkitARM/lib/gcc/arm-none-eabi/10.1.0/thumb/crtbegin.o
 .bss.exitflag  0x000000000380248c        0x1 main.o
                0x000000000380248c                exitflag
 *fill*         0x000000000380248d        0x3 
 .bss.WifiData  0x0000000003802490        0x4 /opt/devkitpro/libnds/lib/libdswifi7.a(wifi_arm7.o)
                0x0000000003802490                WifiData
 .bss.arm7qlen  0x0000000003802494        0x2 /opt/devkitpro/libnds/lib/libdswifi7.a(wifi_arm7.o)
                0x0000000003802494                arm7qlen
 *fill*         0x0000000003802496        0x2 
 .bss.chdata_save5
                0x0000000003802498        0x4 /opt/devkitpro/libnds/lib/libdswifi7.a(wifi_arm7.o)
                0x0000000003802498                chdata_save5
 .bss.keepalive_time
                0x000000000380249c        0x4 /opt/devkitpro/libnds/lib/libdswifi7.a(wifi_arm7.o)
                0x000000000380249c                keepalive_time
 .bss.led_state
                0x00000000038024a0        0x4 /opt/devkitpro/libnds/lib/libdswifi7.a(wifi_arm7.o)
                0x00000000038024a0                led_state
 .bss.scanIndex
                0x00000000038024a4        0x4 /opt/devkitpro/libnds/lib/libdswifi7.a(wifi_arm7.o)
 .bss.synchandler
                0x00000000038024a8        0x4 /opt/devkitpro/libnds/lib/libdswifi7.a(wifi_arm7.o)
                0x00000000038024a8                synchandler
 .bss           0x00000000038024ac      0x899 /opt/devkitpro/libnds/lib/libmm7.a(mm_main.o)
                0x00000000038024ac                mmCallback
                0x00000000038024b0                mmModuleCount
                0x00000000038024b4                mmModuleBank
                0x00000000038024b8                mmSampleBank
                0x00000000038024bc                mm_ch_mask
                0x00000000038024c0                mm_vblank_function
                0x0000000003802d44                mmInitialized
 *fill*         0x0000000003802d45        0x3 
 .bss           0x0000000003802d48       0x2d /opt/devkitpro/libnds/lib/libmm7.a(mm_effect.o)
                0x0000000003802d6c                mm_sfx_bitmask
                0x0000000003802d70                mm_sfx_clearmask
 *fill*         0x0000000003802d75        0x3 
 .bss           0x0000000003802d78     0x2362 /opt/devkitpro/libnds/lib/libmm7.a(mm_mixer_super.o)
                0x0000000003802d78                mm_mix_channels
                0x00000000038050d9                mm_mixing_mode
 *fill*         0x00000000038050da        0x2 
 .bss           0x00000000038050dc      0x10c /opt/devkitpro/libnds/lib/libmm7.a(mm_comms7.o)
 .bss           0x00000000038051e8       0x2c /opt/devkitpro/libnds/lib/libmm7.a(mm_stream.o)
 .bss           0x0000000003805214      0x148 /opt/devkitpro/libnds/lib/libmm7.a(mm_mas.o)
                0x0000000003805214                mmLayerMain
                0x000000000380524c                mmLayerSub
                0x0000000003805284                mpp_vars
                0x0000000003805294                mpp_layerp
                0x0000000003805298                mpp_channels
                0x00000000038052a8                mpp_nchannels
                0x00000000038052a9                mpp_clayer
                0x00000000038052ac                mm_achannels
                0x00000000038052b0                mm_pchannels
                0x00000000038052b4                mm_num_mch
                0x00000000038052b8                mm_num_ach
                0x00000000038052bc                mm_schannels
 .bss           0x000000000380535c        0x6 /opt/devkitpro/libnds/lib/libmm7.a(mm_reverb.o)
 .bss.penDown.1
                0x0000000003805362        0x1 /opt/devkitpro/libnds/lib/libnds7.a(input.o)
 *fill*         0x0000000003805363        0x1 
 .bss.sleepCounter.0
                0x0000000003805364        0x4 /opt/devkitpro/libnds/lib/libnds7.a(input.o)
 .bss.__dsimode
                0x0000000003805368        0x1 /opt/devkitpro/libnds/lib/libnds7.a(system.o)
                0x0000000003805368                __dsimode
 .bss.last_time_touched
                0x0000000003805369        0x1 /opt/devkitpro/libnds/lib/libnds7.a(touch.o)
 .bss.range_counter_1
                0x000000000380536a        0x1 /opt/devkitpro/libnds/lib/libnds7.a(touch.o)
 .bss.range_counter_2
                0x000000000380536b        0x1 /opt/devkitpro/libnds/lib/libnds7.a(touch.o)
 .bss.xoffset   0x000000000380536c        0x4 /opt/devkitpro/libnds/lib/libnds7.a(touch.o)
 .bss.xscale    0x0000000003805370        0x4 /opt/devkitpro/libnds/lib/libnds7.a(touch.o)
 .bss.yoffset   0x0000000003805374        0x4 /opt/devkitpro/libnds/lib/libnds7.a(touch.o)
 .bss.yscale    0x0000000003805378        0x4 /opt/devkitpro/libnds/lib/libnds7.a(touch.o)
 .bss.irqTable  0x000000000380537c       0xc8 /opt/devkitpro/libnds/lib/libnds7.a(interrupts.o)
                0x000000000380537c                irqTable
 .bss.__timeout
                0x0000000003805444        0x4 /opt/devkitpro/libnds/lib/libnds7.a(fifosystem.o)
 .bss.fifo_address_data
                0x0000000003805448       0x40 /opt/devkitpro/libnds/lib/libnds7.a(fifosystem.o)
                0x0000000003805448                fifo_address_data
 .bss.fifo_address_func
                0x0000000003805488       0x40 /opt/devkitpro/libnds/lib/libnds7.a(fifosystem.o)
                0x0000000003805488                fifo_address_func
 .bss.fifo_address_queue
                0x00000000038054c8       0x40 /opt/devkitpro/libnds/lib/libnds7.a(fifosystem.o)
                0x00000000038054c8                fifo_address_queue
 .bss.fifo_buffer
                0x0000000003805508      0x800 /opt/devkitpro/libnds/lib/libnds7.a(fifosystem.o)
                0x0000000003805508                fifo_buffer
 .bss.fifo_data_queue
                0x0000000003805d08       0x40 /opt/devkitpro/libnds/lib/libnds7.a(fifosystem.o)
                0x0000000003805d08                fifo_data_queue
 .bss.fifo_datamsg_data
                0x0000000003805d48       0x40 /opt/devkitpro/libnds/lib/libnds7.a(fifosystem.o)
                0x0000000003805d48                fifo_datamsg_data
 .bss.fifo_datamsg_func
                0x0000000003805d88       0x40 /opt/devkitpro/libnds/lib/libnds7.a(fifosystem.o)
                0x0000000003805d88                fifo_datamsg_func
 .bss.fifo_value32_data
                0x0000000003805dc8       0x40 /opt/devkitpro/libnds/lib/libnds7.a(fifosystem.o)
                0x0000000003805dc8                fifo_value32_data
 .bss.fifo_value32_func
                0x0000000003805e08       0x40 /opt/devkitpro/libnds/lib/libnds7.a(fifosystem.o)
                0x0000000003805e08                fifo_value32_func
 .bss.fifo_value32_queue
                0x0000000003805e48       0x40 /opt/devkitpro/libnds/lib/libnds7.a(fifosystem.o)
                0x0000000003805e48                fifo_value32_queue
 .bss.processing
                0x0000000003805e88        0x4 /opt/devkitpro/libnds/lib/libnds7.a(fifosystem.o)
                0x0000000003805e88                processing
 *(COMMON)
 COMMON         0x0000000003805e8c      0xa02 /opt/devkitpro/libnds/lib/libdswifi7.a(wifi_arm7.o)
                0x0000000003805e8c                arm7q
                0x000000000380668c                FlashData
                0x000000000380688c                beacon_channel
                0x0000000003806890                . = ALIGN (0x4)
 *fill*         0x000000000380688e        0x2 
                0x0000000003806890                __bss_end__ = ABSOLUTE (.)
                0x0000000003806890                __end__ = ABSOLUTE (.)

.stab
 *(.stab)

.stabstr
 *(.stabstr)

.stab.excl
 *(.stab.excl)

.stab.exclstr
 *(.stab.exclstr)

.stab.index
 *(.stab.index)

.stab.indexstr
 *(.stab.indexstr)

.comment        0x0000000000000000       0x45
 *(.comment)
 .comment       0x0000000000000000       0x23 /opt/devkitpro/devkitARM/lib/gcc/arm-none-eabi/10.1.0/thumb/crtbegin.o
                                         0x24 (size before relaxing)
 .comment       0x0000000000000023       0x24 audio.o
 .comment       0x0000000000000023       0x24 main.o
 .comment       0x0000000000000023       0x22 /opt/devkitpro/libnds/lib/libdswifi7.a(wifi_arm7.o)
                                         0x23 (size before relaxing)
 .comment       0x0000000000000045       0x24 /opt/devkitpro/libnds/lib/libnds7.a(input.o)
 .comment       0x0000000000000045       0x24 /opt/devkitpro/libnds/lib/libnds7.a(system.o)
 .comment       0x0000000000000045       0x24 /opt/devkitpro/libnds/lib/libnds7.a(touch.o)
 .comment       0x0000000000000045       0x24 /opt/devkitpro/libnds/lib/libnds7.a(clock.o)
 .comment       0x0000000000000045       0x24 /opt/devkitpro/libnds/lib/libnds7.a(spi.o)
 .comment       0x0000000000000045       0x24 /opt/devkitpro/libnds/lib/libnds7.a(codec.twl.o)
 .comment       0x0000000000000045       0x24 /opt/devkitpro/libnds/lib/libnds7.a(firmware.o)
 .comment       0x0000000000000045       0x24 /opt/devkitpro/libnds/lib/libnds7.a(userSettings.o)
 .comment       0x0000000000000045       0x24 /opt/devkitpro/libnds/lib/libnds7.a(card.twl.o)
 .comment       0x0000000000000045       0x24 /opt/devkitpro/libnds/lib/libnds7.a(interrupts.o)
 .comment       0x0000000000000045       0x24 /opt/devkitpro/libnds/lib/libnds7.a(libnds_exit.arm.o)
 .comment       0x0000000000000045       0x24 /opt/devkitpro/libnds/lib/libnds7.a(fifosystem.o)
 .comment       0x0000000000000045       0x24 /opt/devkitpro/libnds/lib/libnds7.a(i2c.twl.o)
 .comment       0x0000000000000045       0x24 /opt/devkitpro/libnds/lib/libnds7.a(sdmmc.twl.o)
 .comment       0x0000000000000045       0x24 /opt/devkitpro/libnds/lib/libnds7.a(systemShutDown.o)
 .comment       0x0000000000000045       0x24 /opt/devkitpro/devkitARM/lib/gcc/arm-none-eabi/10.1.0/../../../../arm-none-eabi/lib/thumb/libg.a(lib_a-init.o)
 .comment       0x0000000000000045       0x24 /opt/devkitpro/devkitARM/lib/gcc/arm-none-eabi/10.1.0/../../../../arm-none-eabi/lib/thumb/libg.a(lib_a-memcmp.o)
 .comment       0x0000000000000045       0x24 /opt/devkitpro/devkitARM/lib/gcc/arm-none-eabi/10.1.0/../../../../arm-none-eabi/lib/thumb/libg.a(lib_a-memcpy-stub.o)
 .comment       0x0000000000000045       0x24 /opt/devkitpro/devkitARM/lib/gcc/arm-none-eabi/10.1.0/../../../../arm-none-eabi/lib/thumb/libg.a(lib_a-memset.o)
 .comment       0x0000000000000045       0x24 /opt/devkitpro/devkitARM/lib/gcc/arm-none-eabi/10.1.0/thumb/crtend.o

.ARM.attributes
                0x0000000000000000       0x26
 .ARM.attributes
                0x0000000000000000       0x1a /opt/devkitpro/devkitARM/lib/gcc/arm-none-eabi/10.1.0/../../../../arm-none-eabi/lib/thumb/ds_arm7_crt0.o
 .ARM.attributes
                0x000000000000001a       0x1c /opt/devkitpro/devkitARM/lib/gcc/arm-none-eabi/10.1.0/thumb/crti.o
 .ARM.attributes
                0x0000000000000036       0x2a /opt/devkitpro/devkitARM/lib/gcc/arm-none-eabi/10.1.0/thumb/crtbegin.o
 .ARM.attributes
                0x0000000000000060       0x26 audio.o
 .ARM.attributes
                0x0000000000000086       0x26 main.o
 .ARM.attributes
                0x00000000000000ac       0x26 /opt/devkitpro/libnds/lib/libdswifi7.a(wifi_arm7.o)
 .ARM.attributes
                0x00000000000000d2       0x20 /opt/devkitpro/libnds/lib/libdswifi7.a(spinlock.o)
 .ARM.attributes
                0x00000000000000f2       0x1a /opt/devkitpro/libnds/lib/libmm7.a(mm_main.o)
 .ARM.attributes
                0x000000000000010c       0x1a /opt/devkitpro/libnds/lib/libmm7.a(mm_effect.o)
 .ARM.attributes
                0x0000000000000126       0x1a /opt/devkitpro/libnds/lib/libmm7.a(mm_mas_arm.o)
 .ARM.attributes
                0x0000000000000140       0x1a /opt/devkitpro/libnds/lib/libmm7.a(mm_mixer_super.o)
 .ARM.attributes
                0x000000000000015a       0x1a /opt/devkitpro/libnds/lib/libmm7.a(mm_comms7.o)
 .ARM.attributes
                0x0000000000000174       0x1a /opt/devkitpro/libnds/lib/libmm7.a(mm_stream.o)
 .ARM.attributes
                0x000000000000018e       0x1a /opt/devkitpro/libnds/lib/libmm7.a(mm_mas.o)
 .ARM.attributes
                0x00000000000001a8       0x1a /opt/devkitpro/libnds/lib/libmm7.a(mm_reverb.o)
 .ARM.attributes
                0x00000000000001c2       0x26 /opt/devkitpro/libnds/lib/libnds7.a(input.o)
 .ARM.attributes
                0x00000000000001e8       0x26 /opt/devkitpro/libnds/lib/libnds7.a(system.o)
 .ARM.attributes
                0x000000000000020e       0x26 /opt/devkitpro/libnds/lib/libnds7.a(touch.o)
 .ARM.attributes
                0x0000000000000234       0x26 /opt/devkitpro/libnds/lib/libnds7.a(clock.o)
 .ARM.attributes
                0x000000000000025a       0x26 /opt/devkitpro/libnds/lib/libnds7.a(spi.o)
 .ARM.attributes
                0x0000000000000280       0x26 /opt/devkitpro/libnds/lib/libnds7.a(codec.twl.o)
 .ARM.attributes
                0x00000000000002a6       0x26 /opt/devkitpro/libnds/lib/libnds7.a(firmware.o)
 .ARM.attributes
                0x00000000000002cc       0x26 /opt/devkitpro/libnds/lib/libnds7.a(userSettings.o)
 .ARM.attributes
                0x00000000000002f2       0x26 /opt/devkitpro/libnds/lib/libnds7.a(card.twl.o)
 .ARM.attributes
                0x0000000000000318       0x26 /opt/devkitpro/libnds/lib/libnds7.a(interrupts.o)
 .ARM.attributes
                0x000000000000033e       0x26 /opt/devkitpro/libnds/lib/libnds7.a(libnds_exit.arm.o)
 .ARM.attributes
                0x0000000000000364       0x26 /opt/devkitpro/libnds/lib/libnds7.a(fifosystem.o)
 .ARM.attributes
                0x000000000000038a       0x20 /opt/devkitpro/libnds/lib/libnds7.a(intrwait.o)
 .ARM.attributes
                0x00000000000003aa       0x1a /opt/devkitpro/libnds/lib/libnds7.a(interruptDispatcher.o)
 .ARM.attributes
                0x00000000000003c4       0x1a /opt/devkitpro/libnds/lib/libnds7.a(biosCalls.o)
 .ARM.attributes
                0x00000000000003de       0x1a /opt/devkitpro/libnds/lib/libnds7.a(swiSoftReset.o)
 .ARM.attributes
                0x00000000000003f8       0x26 /opt/devkitpro/libnds/lib/libnds7.a(i2c.twl.o)
 .ARM.attributes
                0x000000000000041e       0x26 /opt/devkitpro/libnds/lib/libnds7.a(sdmmc.twl.o)
 .ARM.attributes
                0x0000000000000444       0x26 /opt/devkitpro/libnds/lib/libnds7.a(systemShutDown.o)
 .ARM.attributes
                0x000000000000046a       0x1c /opt/devkitpro/devkitARM/lib/gcc/arm-none-eabi/10.1.0/thumb/libgcc.a(_thumb1_case_uqi.o)
 .ARM.attributes
                0x0000000000000486       0x1c /opt/devkitpro/devkitARM/lib/gcc/arm-none-eabi/10.1.0/thumb/libgcc.a(_udivsi3.o)
 .ARM.attributes
                0x00000000000004a2       0x1c /opt/devkitpro/devkitARM/lib/gcc/arm-none-eabi/10.1.0/thumb/libgcc.a(_divsi3.o)
 .ARM.attributes
                0x00000000000004be       0x1c /opt/devkitpro/devkitARM/lib/gcc/arm-none-eabi/10.1.0/thumb/libgcc.a(_dvmd_tls.o)
 .ARM.attributes
                0x00000000000004da       0x1c /opt/devkitpro/devkitARM/lib/gcc/arm-none-eabi/10.1.0/thumb/libgcc.a(_call_via_rX.o)
 .ARM.attributes
                0x00000000000004f6       0x2a /opt/devkitpro/devkitARM/lib/gcc/arm-none-eabi/10.1.0/../../../../arm-none-eabi/lib/thumb/libg.a(lib_a-init.o)
 .ARM.attributes
                0x0000000000000520       0x2a /opt/devkitpro/devkitARM/lib/gcc/arm-none-eabi/10.1.0/../../../../arm-none-eabi/lib/thumb/libg.a(lib_a-memcmp.o)
 .ARM.attributes
                0x000000000000054a       0x2a /opt/devkitpro/devkitARM/lib/gcc/arm-none-eabi/10.1.0/../../../../arm-none-eabi/lib/thumb/libg.a(lib_a-memcpy-stub.o)
 .ARM.attributes
                0x0000000000000574       0x2a /opt/devkitpro/devkitARM/lib/gcc/arm-none-eabi/10.1.0/../../../../arm-none-eabi/lib/thumb/libg.a(lib_a-memset.o)
 .ARM.attributes
                0x000000000000059e       0x30 /opt/devkitpro/devkitARM/lib/gcc/arm-none-eabi/10.1.0/thumb/crtend.o
 .ARM.attributes
                0x00000000000005ce       0x1c /opt/devkitpro/devkitARM/lib/gcc/arm-none-eabi/10.1.0/thumb/crtn.o

.debug
 *(.debug)

.line
 *(.line)

.debug_srcinfo
 *(.debug_srcinfo)

.debug_sfnames
 *(.debug_sfnames)

.debug_aranges  0x0000000000000000      0x928
 *(.debug_aranges)
 .debug_aranges
                0x0000000000000000       0x40 audio.o
 .debug_aranges
                0x0000000000000040       0x40 main.o
 .debug_aranges
                0x0000000000000080      0x220 /opt/devkitpro/libnds/lib/libdswifi7.a(wifi_arm7.o)
 .debug_aranges
                0x00000000000002a0       0x20 /opt/devkitpro/libnds/lib/libdswifi7.a(spinlock.o)
 .debug_aranges
                0x00000000000002c0       0x20 /opt/devkitpro/libnds/lib/libnds7.a(input.o)
 .debug_aranges
                0x00000000000002e0       0x48 /opt/devkitpro/libnds/lib/libnds7.a(system.o)
 .debug_aranges
                0x0000000000000328       0x68 /opt/devkitpro/libnds/lib/libnds7.a(touch.o)
 .debug_aranges
                0x0000000000000390       0x70 /opt/devkitpro/libnds/lib/libnds7.a(clock.o)
 .debug_aranges
                0x0000000000000400       0x28 /opt/devkitpro/libnds/lib/libnds7.a(spi.o)
 .debug_aranges
                0x0000000000000428       0x70 /opt/devkitpro/libnds/lib/libnds7.a(codec.twl.o)
 .debug_aranges
                0x0000000000000498       0x40 /opt/devkitpro/libnds/lib/libnds7.a(firmware.o)
 .debug_aranges
                0x00000000000004d8       0x20 /opt/devkitpro/libnds/lib/libnds7.a(userSettings.o)
 .debug_aranges
                0x00000000000004f8       0x28 /opt/devkitpro/libnds/lib/libnds7.a(card.twl.o)
 .debug_aranges
                0x0000000000000520       0x90 /opt/devkitpro/libnds/lib/libnds7.a(interrupts.o)
 .debug_aranges
                0x00000000000005b0       0x28 /opt/devkitpro/libnds/lib/libnds7.a(libnds_exit.arm.o)
 .debug_aranges
                0x00000000000005d8       0xd0 /opt/devkitpro/libnds/lib/libnds7.a(fifosystem.o)
 .debug_aranges
                0x00000000000006a8       0x28 /opt/devkitpro/libnds/lib/libnds7.a(intrwait.o)
 .debug_aranges
                0x00000000000006d0       0x20 /opt/devkitpro/libnds/lib/libnds7.a(interruptDispatcher.o)
 .debug_aranges
                0x00000000000006f0       0xd8 /opt/devkitpro/libnds/lib/libnds7.a(biosCalls.o)
 .debug_aranges
                0x00000000000007c8       0x20 /opt/devkitpro/libnds/lib/libnds7.a(swiSoftReset.o)
 .debug_aranges
                0x00000000000007e8       0x68 /opt/devkitpro/libnds/lib/libnds7.a(i2c.twl.o)
 .debug_aranges
                0x0000000000000850       0xb8 /opt/devkitpro/libnds/lib/libnds7.a(sdmmc.twl.o)
 .debug_aranges
                0x0000000000000908       0x20 /opt/devkitpro/libnds/lib/libnds7.a(systemShutDown.o)

.debug_pubnames
 *(.debug_pubnames)

.debug_info     0x0000000000000000     0xdce9
 *(.debug_info)
 .debug_info    0x0000000000000000      0x916 audio.o
 .debug_info    0x0000000000000916      0x6df main.o
 .debug_info    0x0000000000000ff5     0x32e7 /opt/devkitpro/libnds/lib/libdswifi7.a(wifi_arm7.o)
 .debug_info    0x00000000000042dc       0x26 /opt/devkitpro/libnds/lib/libdswifi7.a(spinlock.o)
 .debug_info    0x0000000000004302      0x5ca /opt/devkitpro/libnds/lib/libnds7.a(input.o)
 .debug_info    0x00000000000048cc      0x84c /opt/devkitpro/libnds/lib/libnds7.a(system.o)
 .debug_info    0x0000000000005118     0x13a0 /opt/devkitpro/libnds/lib/libnds7.a(touch.o)
 .debug_info    0x00000000000064b8      0xb7d /opt/devkitpro/libnds/lib/libnds7.a(clock.o)
 .debug_info    0x0000000000007035      0x2c7 /opt/devkitpro/libnds/lib/libnds7.a(spi.o)
 .debug_info    0x00000000000072fc      0x797 /opt/devkitpro/libnds/lib/libnds7.a(codec.twl.o)
 .debug_info    0x0000000000007a93      0xa6f /opt/devkitpro/libnds/lib/libnds7.a(firmware.o)
 .debug_info    0x0000000000008502      0x5a8 /opt/devkitpro/libnds/lib/libnds7.a(userSettings.o)
 .debug_info    0x0000000000008aaa      0x26f /opt/devkitpro/libnds/lib/libnds7.a(card.twl.o)
 .debug_info    0x0000000000008d19      0xcaf /opt/devkitpro/libnds/lib/libnds7.a(interrupts.o)
 .debug_info    0x00000000000099c8      0x2e6 /opt/devkitpro/libnds/lib/libnds7.a(libnds_exit.arm.o)
 .debug_info    0x0000000000009cae     0x15ef /opt/devkitpro/libnds/lib/libnds7.a(fifosystem.o)
 .debug_info    0x000000000000b29d       0x22 /opt/devkitpro/libnds/lib/libnds7.a(intrwait.o)
 .debug_info    0x000000000000b2bf       0x26 /opt/devkitpro/libnds/lib/libnds7.a(interruptDispatcher.o)
 .debug_info    0x000000000000b2e5       0x22 /opt/devkitpro/libnds/lib/libnds7.a(biosCalls.o)
 .debug_info    0x000000000000b307       0x26 /opt/devkitpro/libnds/lib/libnds7.a(swiSoftReset.o)
 .debug_info    0x000000000000b32d      0x46f /opt/devkitpro/libnds/lib/libnds7.a(i2c.twl.o)
 .debug_info    0x000000000000b79c     0x22f6 /opt/devkitpro/libnds/lib/libnds7.a(sdmmc.twl.o)
 .debug_info    0x000000000000da92      0x257 /opt/devkitpro/libnds/lib/libnds7.a(systemShutDown.o)

.debug_abbrev   0x0000000000000000     0x30cc
 *(.debug_abbrev)
 .debug_abbrev  0x0000000000000000      0x2a0 audio.o
 .debug_abbrev  0x00000000000002a0      0x230 main.o
 .debug_abbrev  0x00000000000004d0      0x65b /opt/devkitpro/libnds/lib/libdswifi7.a(wifi_arm7.o)
 .debug_abbrev  0x0000000000000b2b       0x14 /opt/devkitpro/libnds/lib/libdswifi7.a(spinlock.o)
 .debug_abbrev  0x0000000000000b3f      0x1d8 /opt/devkitpro/libnds/lib/libnds7.a(input.o)
 .debug_abbrev  0x0000000000000d17      0x211 /opt/devkitpro/libnds/lib/libnds7.a(system.o)
 .debug_abbrev  0x0000000000000f28      0x43c /opt/devkitpro/libnds/lib/libnds7.a(touch.o)
 .debug_abbrev  0x0000000000001364      0x2be /opt/devkitpro/libnds/lib/libnds7.a(clock.o)
 .debug_abbrev  0x0000000000001622      0x1a7 /opt/devkitpro/libnds/lib/libnds7.a(spi.o)
 .debug_abbrev  0x00000000000017c9      0x1fd /opt/devkitpro/libnds/lib/libnds7.a(codec.twl.o)
 .debug_abbrev  0x00000000000019c6      0x30f /opt/devkitpro/libnds/lib/libnds7.a(firmware.o)
 .debug_abbrev  0x0000000000001cd5      0x148 /opt/devkitpro/libnds/lib/libnds7.a(userSettings.o)
 .debug_abbrev  0x0000000000001e1d      0x12d /opt/devkitpro/libnds/lib/libnds7.a(card.twl.o)
 .debug_abbrev  0x0000000000001f4a      0x379 /opt/devkitpro/libnds/lib/libnds7.a(interrupts.o)
 .debug_abbrev  0x00000000000022c3      0x15c /opt/devkitpro/libnds/lib/libnds7.a(libnds_exit.arm.o)
 .debug_abbrev  0x000000000000241f      0x498 /opt/devkitpro/libnds/lib/libnds7.a(fifosystem.o)
 .debug_abbrev  0x00000000000028b7       0x12 /opt/devkitpro/libnds/lib/libnds7.a(intrwait.o)
 .debug_abbrev  0x00000000000028c9       0x14 /opt/devkitpro/libnds/lib/libnds7.a(interruptDispatcher.o)
 .debug_abbrev  0x00000000000028dd       0x12 /opt/devkitpro/libnds/lib/libnds7.a(biosCalls.o)
 .debug_abbrev  0x00000000000028ef       0x14 /opt/devkitpro/libnds/lib/libnds7.a(swiSoftReset.o)
 .debug_abbrev  0x0000000000002903      0x21b /opt/devkitpro/libnds/lib/libnds7.a(i2c.twl.o)
 .debug_abbrev  0x0000000000002b1e      0x49f /opt/devkitpro/libnds/lib/libnds7.a(sdmmc.twl.o)
 .debug_abbrev  0x0000000000002fbd      0x10f /opt/devkitpro/libnds/lib/libnds7.a(systemShutDown.o)

.debug_line     0x0000000000000000     0x9f8a
 *(.debug_line)
 .debug_line    0x0000000000000000      0x3ea audio.o
 .debug_line    0x00000000000003ea      0x32b main.o
 .debug_line    0x0000000000000715     0x3380 /opt/devkitpro/libnds/lib/libdswifi7.a(wifi_arm7.o)
 .debug_line    0x0000000000003a95       0xa0 /opt/devkitpro/libnds/lib/libdswifi7.a(spinlock.o)
 .debug_line    0x0000000000003b35      0x27a /opt/devkitpro/libnds/lib/libnds7.a(input.o)
 .debug_line    0x0000000000003daf      0x487 /opt/devkitpro/libnds/lib/libnds7.a(system.o)
 .debug_line    0x0000000000004236      0xafb /opt/devkitpro/libnds/lib/libnds7.a(touch.o)
 .debug_line    0x0000000000004d31      0x7e1 /opt/devkitpro/libnds/lib/libnds7.a(clock.o)
 .debug_line    0x0000000000005512      0x2b5 /opt/devkitpro/libnds/lib/libnds7.a(spi.o)
 .debug_line    0x00000000000057c7      0x6f3 /opt/devkitpro/libnds/lib/libnds7.a(codec.twl.o)
 .debug_line    0x0000000000005eba      0x52d /opt/devkitpro/libnds/lib/libnds7.a(firmware.o)
 .debug_line    0x00000000000063e7      0x228 /opt/devkitpro/libnds/lib/libnds7.a(userSettings.o)
 .debug_line    0x000000000000660f      0x2e8 /opt/devkitpro/libnds/lib/libnds7.a(card.twl.o)
 .debug_line    0x00000000000068f7      0x7bd /opt/devkitpro/libnds/lib/libnds7.a(interrupts.o)
 .debug_line    0x00000000000070b4      0x1bd /opt/devkitpro/libnds/lib/libnds7.a(libnds_exit.arm.o)
 .debug_line    0x0000000000007271     0x1077 /opt/devkitpro/libnds/lib/libnds7.a(fifosystem.o)
 .debug_line    0x00000000000082e8       0x86 /opt/devkitpro/libnds/lib/libnds7.a(intrwait.o)
 .debug_line    0x000000000000836e       0xae /opt/devkitpro/libnds/lib/libnds7.a(interruptDispatcher.o)
 .debug_line    0x000000000000841c      0x1f1 /opt/devkitpro/libnds/lib/libnds7.a(biosCalls.o)
 .debug_line    0x000000000000860d       0x71 /opt/devkitpro/libnds/lib/libnds7.a(swiSoftReset.o)
 .debug_line    0x000000000000867e      0x419 /opt/devkitpro/libnds/lib/libnds7.a(i2c.twl.o)
 .debug_line    0x0000000000008a97     0x13e7 /opt/devkitpro/libnds/lib/libnds7.a(sdmmc.twl.o)
 .debug_line    0x0000000000009e7e      0x10c /opt/devkitpro/libnds/lib/libnds7.a(systemShutDown.o)

.debug_frame    0x0000000000000000     0x15c4
 *(.debug_frame)
 .debug_frame   0x0000000000000000       0x8c audio.o
 .debug_frame   0x000000000000008c       0x7c main.o
 .debug_frame   0x0000000000000108      0x758 /opt/devkitpro/libnds/lib/libdswifi7.a(wifi_arm7.o)
 .debug_frame   0x0000000000000860       0x30 /opt/devkitpro/libnds/lib/libnds7.a(input.o)
 .debug_frame   0x0000000000000890       0xa0 /opt/devkitpro/libnds/lib/libnds7.a(system.o)
 .debug_frame   0x0000000000000930      0x128 /opt/devkitpro/libnds/lib/libnds7.a(touch.o)
 .debug_frame   0x0000000000000a58      0x15c /opt/devkitpro/libnds/lib/libnds7.a(clock.o)
 .debug_frame   0x0000000000000bb4       0x44 /opt/devkitpro/libnds/lib/libnds7.a(spi.o)
 .debug_frame   0x0000000000000bf8      0x140 /opt/devkitpro/libnds/lib/libnds7.a(codec.twl.o)
 .debug_frame   0x0000000000000d38       0x9c /opt/devkitpro/libnds/lib/libnds7.a(firmware.o)
 .debug_frame   0x0000000000000dd4       0x34 /opt/devkitpro/libnds/lib/libnds7.a(userSettings.o)
 .debug_frame   0x0000000000000e08       0x50 /opt/devkitpro/libnds/lib/libnds7.a(card.twl.o)
 .debug_frame   0x0000000000000e58      0x170 /opt/devkitpro/libnds/lib/libnds7.a(interrupts.o)
 .debug_frame   0x0000000000000fc8       0x38 /opt/devkitpro/libnds/lib/libnds7.a(libnds_exit.arm.o)
 .debug_frame   0x0000000000001000      0x28c /opt/devkitpro/libnds/lib/libnds7.a(fifosystem.o)
 .debug_frame   0x000000000000128c      0x104 /opt/devkitpro/libnds/lib/libnds7.a(i2c.twl.o)
 .debug_frame   0x0000000000001390      0x20c /opt/devkitpro/libnds/lib/libnds7.a(sdmmc.twl.o)
 .debug_frame   0x000000000000159c       0x28 /opt/devkitpro/libnds/lib/libnds7.a(systemShutDown.o)

.debug_str      0x0000000000000000     0x3632
 *(.debug_str)
 .debug_str     0x0000000000000000      0x708 audio.o
                                        0x795 (size before relaxing)
 .debug_str     0x0000000000000708      0x276 main.o
                                        0x6ad (size before relaxing)
 .debug_str     0x000000000000097e      0xf53 /opt/devkitpro/libnds/lib/libdswifi7.a(wifi_arm7.o)
                                       0x130f (size before relaxing)
 .debug_str     0x00000000000018d1       0x67 /opt/devkitpro/libnds/lib/libdswifi7.a(spinlock.o)
                                         0xae (size before relaxing)
 .debug_str     0x0000000000001938      0x171 /opt/devkitpro/libnds/lib/libnds7.a(input.o)
                                        0x4f8 (size before relaxing)
 .debug_str     0x0000000000001aa9      0x1c7 /opt/devkitpro/libnds/lib/libnds7.a(system.o)
                                        0x6b0 (size before relaxing)
 .debug_str     0x0000000000001c70      0x8ae /opt/devkitpro/libnds/lib/libnds7.a(touch.o)
                                        0xb28 (size before relaxing)
 .debug_str     0x000000000000251e      0x1fc /opt/devkitpro/libnds/lib/libnds7.a(clock.o)
                                        0x54a (size before relaxing)
 .debug_str     0x000000000000271a       0x30 /opt/devkitpro/libnds/lib/libnds7.a(spi.o)
                                        0x2f4 (size before relaxing)
 .debug_str     0x000000000000274a      0x10a /opt/devkitpro/libnds/lib/libnds7.a(codec.twl.o)
                                        0x301 (size before relaxing)
 .debug_str     0x0000000000002854       0xa8 /opt/devkitpro/libnds/lib/libnds7.a(firmware.o)
                                        0x4aa (size before relaxing)
 .debug_str     0x00000000000028fc       0xc3 /opt/devkitpro/libnds/lib/libnds7.a(userSettings.o)
                                        0x3e3 (size before relaxing)
 .debug_str     0x00000000000029bf       0x35 /opt/devkitpro/libnds/lib/libnds7.a(card.twl.o)
                                        0x21e (size before relaxing)
 .debug_str     0x00000000000029f4      0x1ad /opt/devkitpro/libnds/lib/libnds7.a(interrupts.o)
                                        0x6db (size before relaxing)
 .debug_str     0x0000000000002ba1      0x10b /opt/devkitpro/libnds/lib/libnds7.a(libnds_exit.arm.o)
                                        0x2e4 (size before relaxing)
 .debug_str     0x0000000000002cac      0x464 /opt/devkitpro/libnds/lib/libnds7.a(fifosystem.o)
                                        0x8d7 (size before relaxing)
 .debug_str     0x0000000000003110       0x41 /opt/devkitpro/libnds/lib/libnds7.a(intrwait.o)
                                         0x64 (size before relaxing)
 .debug_str     0x0000000000003151       0x42 /opt/devkitpro/libnds/lib/libnds7.a(interruptDispatcher.o)
                                         0x71 (size before relaxing)
 .debug_str     0x0000000000003193       0x38 /opt/devkitpro/libnds/lib/libnds7.a(biosCalls.o)
                                         0x67 (size before relaxing)
 .debug_str     0x00000000000031cb       0x3b /opt/devkitpro/libnds/lib/libnds7.a(swiSoftReset.o)
                                         0x6a (size before relaxing)
 .debug_str     0x0000000000003206       0xac /opt/devkitpro/libnds/lib/libnds7.a(i2c.twl.o)
                                        0x2a6 (size before relaxing)
 .debug_str     0x00000000000032b2      0x345 /opt/devkitpro/libnds/lib/libnds7.a(sdmmc.twl.o)
                                        0x835 (size before relaxing)
 .debug_str     0x00000000000035f7       0x3b /opt/devkitpro/libnds/lib/libnds7.a(systemShutDown.o)
                                        0x39b (size before relaxing)

.debug_loc      0x0000000000000000     0x83b5
 *(.debug_loc)
 .debug_loc     0x0000000000000000      0x4c4 audio.o
 .debug_loc     0x00000000000004c4       0x8b main.o
 .debug_loc     0x000000000000054f     0x299c /opt/devkitpro/libnds/lib/libdswifi7.a(wifi_arm7.o)
 .debug_loc     0x0000000000002eeb       0x22 /opt/devkitpro/libnds/lib/libnds7.a(input.o)
 .debug_loc     0x0000000000002f0d      0x374 /opt/devkitpro/libnds/lib/libnds7.a(system.o)
 .debug_loc     0x0000000000003281      0x967 /opt/devkitpro/libnds/lib/libnds7.a(touch.o)
 .debug_loc     0x0000000000003be8      0x6f7 /opt/devkitpro/libnds/lib/libnds7.a(clock.o)
 .debug_loc     0x00000000000042df      0x11b /opt/devkitpro/libnds/lib/libnds7.a(spi.o)
 .debug_loc     0x00000000000043fa      0x4f9 /opt/devkitpro/libnds/lib/libnds7.a(codec.twl.o)
 .debug_loc     0x00000000000048f3      0x452 /opt/devkitpro/libnds/lib/libnds7.a(firmware.o)
 .debug_loc     0x0000000000004d45       0xd3 /opt/devkitpro/libnds/lib/libnds7.a(userSettings.o)
 .debug_loc     0x0000000000004e18       0xba /opt/devkitpro/libnds/lib/libnds7.a(card.twl.o)
 .debug_loc     0x0000000000004ed2      0x556 /opt/devkitpro/libnds/lib/libnds7.a(interrupts.o)
 .debug_loc     0x0000000000005428       0x47 /opt/devkitpro/libnds/lib/libnds7.a(libnds_exit.arm.o)
 .debug_loc     0x000000000000546f     0x12bd /opt/devkitpro/libnds/lib/libnds7.a(fifosystem.o)
 .debug_loc     0x000000000000672c      0x1ba /opt/devkitpro/libnds/lib/libnds7.a(i2c.twl.o)
 .debug_loc     0x00000000000068e6     0x1acf /opt/devkitpro/libnds/lib/libnds7.a(sdmmc.twl.o)

.debug_macinfo
 *(.debug_macinfo)

.debug_weaknames
 *(.debug_weaknames)

.debug_funcnames
 *(.debug_funcnames)

.debug_typenames
 *(.debug_typenames)

.debug_varnames
 *(.debug_varnames)
LOAD /opt/devkitpro/devkitARM/lib/gcc/arm-none-eabi/10.1.0/../../../../arm-none-eabi/lib/thumb/ds_arm7_crt0.o
LOAD /opt/devkitpro/devkitARM/lib/gcc/arm-none-eabi/10.1.0/thumb/crti.o
LOAD /opt/devkitpro/devkitARM/lib/gcc/arm-none-eabi/10.1.0/thumb/crtbegin.o
LOAD audio.o
LOAD main.o
LOAD /opt/devkitpro/libnds/lib/libdswifi7.a
LOAD /opt/devkitpro/libnds/lib/libmm7.a
LOAD /opt/devkitpro/libnds/lib/libnds7.a
START GROUP
LOAD /opt/devkitpro/devkitARM/lib/gcc/arm-none-eabi/10.1.0/thumb/libgcc.a
LOAD /opt/devkitpro/devkitARM/lib/gcc/arm-none-eabi/10.1.0/../../../../arm-none-eabi/lib/thumb/libg.a
LOAD /opt/devkitpro/devkitARM/lib/gcc/arm-none-eabi/10.1.0/../../../../arm-none-eabi/lib/thumb/libc.a
LOAD /opt/devkitpro/devkitARM/lib/gcc/arm-none-eabi/10.1.0/../../../../arm-none-eabi/lib/thumb/libsysbase.a
END GROUP
LOAD /opt/devkitpro/devkitARM/lib/gcc/arm-none-eabi/10.1.0/thumb/crtend.o
LOAD /opt/devkitpro/devkitARM/lib/gcc/arm-none-eabi/10.1.0/thumb/crtn.o
OUTPUT(/home/god/Documents/CSE2-DS-New/srcarm7/CSE2-arm7.elf elf32-littlearm)

.debug_ranges   0x0000000000000000     0x1418
 .debug_ranges  0x0000000000000000       0x68 audio.o
 .debug_ranges  0x0000000000000068       0x48 main.o
 .debug_ranges  0x00000000000000b0      0x5c0 /opt/devkitpro/libnds/lib/libdswifi7.a(wifi_arm7.o)
 .debug_ranges  0x0000000000000670       0x10 /opt/devkitpro/libnds/lib/libnds7.a(input.o)
 .debug_ranges  0x0000000000000680       0x50 /opt/devkitpro/libnds/lib/libnds7.a(system.o)
 .debug_ranges  0x00000000000006d0       0xe0 /opt/devkitpro/libnds/lib/libnds7.a(touch.o)
 .debug_ranges  0x00000000000007b0       0x60 /opt/devkitpro/libnds/lib/libnds7.a(clock.o)
 .debug_ranges  0x0000000000000810       0x68 /opt/devkitpro/libnds/lib/libnds7.a(spi.o)
 .debug_ranges  0x0000000000000878       0x60 /opt/devkitpro/libnds/lib/libnds7.a(codec.twl.o)
 .debug_ranges  0x00000000000008d8       0xb8 /opt/devkitpro/libnds/lib/libnds7.a(firmware.o)
 .debug_ranges  0x0000000000000990       0x10 /opt/devkitpro/libnds/lib/libnds7.a(userSettings.o)
 .debug_ranges  0x00000000000009a0       0x88 /opt/devkitpro/libnds/lib/libnds7.a(card.twl.o)
 .debug_ranges  0x0000000000000a28      0x188 /opt/devkitpro/libnds/lib/libnds7.a(interrupts.o)
 .debug_ranges  0x0000000000000bb0       0x18 /opt/devkitpro/libnds/lib/libnds7.a(libnds_exit.arm.o)
 .debug_ranges  0x0000000000000bc8      0x288 /opt/devkitpro/libnds/lib/libnds7.a(fifosystem.o)
 .debug_ranges  0x0000000000000e50       0x20 /opt/devkitpro/libnds/lib/libnds7.a(intrwait.o)
 .debug_ranges  0x0000000000000e70       0xd0 /opt/devkitpro/libnds/lib/libnds7.a(biosCalls.o)
 .debug_ranges  0x0000000000000f40       0x78 /opt/devkitpro/libnds/lib/libnds7.a(i2c.twl.o)
 .debug_ranges  0x0000000000000fb8      0x450 /opt/devkitpro/libnds/lib/libnds7.a(sdmmc.twl.o)
 .debug_ranges  0x0000000000001408       0x10 /opt/devkitpro/libnds/lib/libnds7.a(systemShutDown.o)
